stm32f4xx_hal_nand.c:215:13:HAL_NAND_MspInit	0	static
stm32f4xx_hal_nand.c:152:20:HAL_NAND_Init	16	static
stm32f4xx_hal_nand.c:228:13:HAL_NAND_MspDeInit	0	static
stm32f4xx_hal_nand.c:192:19:HAL_NAND_DeInit	8	static
stm32f4xx_hal_nand.c:292:13:HAL_NAND_ITCallback	0	static
stm32f4xx_hal_nand.c:242:6:HAL_NAND_IRQHandler	8	static
stm32f4xx_hal_nand.c:325:19:HAL_NAND_Read_ID	16	static
stm32f4xx_hal_nand.c:380:19:HAL_NAND_Reset	0	static
stm32f4xx_hal_nand.c:900:10:HAL_NAND_Read_Status	0	static
stm32f4xx_hal_nand.c:828:19:HAL_NAND_Erase_Block	16	static
stm32f4xx_hal_nand.c:943:10:HAL_NAND_Address_Inc	0	static
stm32f4xx_hal_nand.c:429:19:HAL_NAND_Read_Page	48	static
stm32f4xx_hal_nand.c:523:19:HAL_NAND_Write_Page	56	static
stm32f4xx_hal_nand.c:630:19:HAL_NAND_Read_SpareArea	56	static
stm32f4xx_hal_nand.c:723:19:HAL_NAND_Write_SpareArea	64	static
stm32f4xx_hal_nand.c:996:20:HAL_NAND_ECC_Enable	8	static
stm32f4xx_hal_nand.c:1022:20:HAL_NAND_ECC_Disable	8	static
stm32f4xx_hal_nand.c:1050:20:HAL_NAND_GetECC	8	static
stm32f4xx_hal_nand.c:1098:23:HAL_NAND_GetState	0	static
