stm32f4xx_hal_sram.c:228:13:HAL_SRAM_DMA_XferCpltCallback	0	static
stm32f4xx_hal_sram.c:241:13:HAL_SRAM_DMA_XferErrorCallback	0	static
stm32f4xx_hal_sram.c:202:13:HAL_SRAM_MspInit	0	static
stm32f4xx_hal_sram.c:143:19:HAL_SRAM_Init	16	static
stm32f4xx_hal_sram.c:215:13:HAL_SRAM_MspDeInit	0	static
stm32f4xx_hal_sram.c:180:20:HAL_SRAM_DeInit	8	static
stm32f4xx_hal_sram.c:275:19:HAL_SRAM_Read_8b	4	static
stm32f4xx_hal_sram.c:311:19:HAL_SRAM_Write_8b	4	static
stm32f4xx_hal_sram.c:353:19:HAL_SRAM_Read_16b	4	static
stm32f4xx_hal_sram.c:389:19:HAL_SRAM_Write_16b	4	static
stm32f4xx_hal_sram.c:431:19:HAL_SRAM_Read_32b	4	static
stm32f4xx_hal_sram.c:465:19:HAL_SRAM_Write_32b	4	static
stm32f4xx_hal_sram.c:505:19:HAL_SRAM_Read_DMA	16	static
stm32f4xx_hal_sram.c:538:19:HAL_SRAM_Write_DMA	16	static
stm32f4xx_hal_sram.c:593:19:HAL_SRAM_WriteOperation_Enable	16	static
stm32f4xx_hal_sram.c:616:19:HAL_SRAM_WriteOperation_Disable	8	static
stm32f4xx_hal_sram.c:661:23:HAL_SRAM_GetState	0	static
