stm32f4xx_hal_rtc.c:378:13:HAL_RTC_MspInit	0	static
stm32f4xx_hal_rtc.c:391:13:HAL_RTC_MspDeInit	0	static
stm32f4xx_hal_rtc.c:1140:19:HAL_RTC_DeactivateAlarm	16	static
stm32f4xx_hal_rtc.c:1329:13:HAL_RTC_AlarmAEventCallback	0	static
stm32f4xx_hal_rtc.c:1288:6:HAL_RTC_AlarmIRQHandler	8	static
stm32f4xx_hal_rtc.c:1343:19:HAL_RTC_PollForAlarmAEvent	16	static
stm32f4xx_hal_rtc.c:1405:19:HAL_RTC_WaitForSynchro	16	static
stm32f4xx_hal_rtc.c:1451:21:HAL_RTC_GetState	0	static
stm32f4xx_hal_rtc.c:1468:19:RTC_EnterInitMode	16	static
stm32f4xx_hal_rtc.c:203:19:HAL_RTC_Init	8	static
stm32f4xx_hal_rtc.c:278:19:HAL_RTC_DeInit	16	static
stm32f4xx_hal_rtc.c:1500:9:RTC_ByteToBcd2	0	static
stm32f4xx_hal_rtc.c:427:19:HAL_RTC_SetTime	24	static
stm32f4xx_hal_rtc.c:597:19:HAL_RTC_SetDate	24	static
stm32f4xx_hal_rtc.c:764:19:HAL_RTC_SetAlarm	24	static
stm32f4xx_hal_rtc.c:950:19:HAL_RTC_SetAlarm_IT	24	static
stm32f4xx_hal_rtc.c:1518:9:RTC_Bcd2ToByte	0	static
stm32f4xx_hal_rtc.c:555:19:HAL_RTC_GetTime	16	static
stm32f4xx_hal_rtc.c:709:19:HAL_RTC_GetDate	16	static
stm32f4xx_hal_rtc.c:1237:19:HAL_RTC_GetAlarm	24	static
