stm32f4xx_hal_tim.c:4730:13:TIM_OC1_SetConfig	12	static
stm32f4xx_hal_tim.c:4795:13:TIM_OC3_SetConfig	8	static
stm32f4xx_hal_tim.c:4863:13:TIM_OC4_SetConfig	8	static
stm32f4xx_hal_tim.c:4921:13:TIM_SlaveTimer_SetConfig	8	static
stm32f4xx_hal_tim.c:275:13:HAL_TIM_Base_MspInit	0	static
stm32f4xx_hal_tim.c:288:13:HAL_TIM_Base_MspDeInit	0	static
stm32f4xx_hal_tim.c:247:19:HAL_TIM_Base_DeInit	8	static
stm32f4xx_hal_tim.c:301:19:HAL_TIM_Base_Start	0	static
stm32f4xx_hal_tim.c:325:19:HAL_TIM_Base_Stop	0	static
stm32f4xx_hal_tim.c:349:19:HAL_TIM_Base_Start_IT	0	static
stm32f4xx_hal_tim.c:370:19:HAL_TIM_Base_Stop_IT	0	static
stm32f4xx_hal_tim.c:392:19:HAL_TIM_Base_Start_DMA	16	static
stm32f4xx_hal_tim.c:437:19:HAL_TIM_Base_Stop_DMA	0	static
stm32f4xx_hal_tim.c:553:13:HAL_TIM_OC_MspInit	0	static
stm32f4xx_hal_tim.c:566:13:HAL_TIM_OC_MspDeInit	0	static
stm32f4xx_hal_tim.c:525:19:HAL_TIM_OC_DeInit	8	static
stm32f4xx_hal_tim.c:1061:13:HAL_TIM_PWM_MspInit	0	static
stm32f4xx_hal_tim.c:1074:13:HAL_TIM_PWM_MspDeInit	0	static
stm32f4xx_hal_tim.c:1033:19:HAL_TIM_PWM_DeInit	8	static
stm32f4xx_hal_tim.c:1572:13:HAL_TIM_IC_MspInit	0	static
stm32f4xx_hal_tim.c:1585:13:HAL_TIM_IC_MspDeInit	0	static
stm32f4xx_hal_tim.c:1544:19:HAL_TIM_IC_DeInit	8	static
stm32f4xx_hal_tim.c:2057:13:HAL_TIM_OnePulse_MspInit	0	static
stm32f4xx_hal_tim.c:2070:13:HAL_TIM_OnePulse_MspDeInit	0	static
stm32f4xx_hal_tim.c:2029:19:HAL_TIM_OnePulse_DeInit	8	static
stm32f4xx_hal_tim.c:2372:13:HAL_TIM_Encoder_MspInit	0	static
stm32f4xx_hal_tim.c:2385:13:HAL_TIM_Encoder_MspDeInit	0	static
stm32f4xx_hal_tim.c:2344:19:HAL_TIM_Encoder_DeInit	8	static
stm32f4xx_hal_tim.c:3349:19:HAL_TIM_DMABurst_WriteStart	24	static
stm32f4xx_hal_tim.c:3481:19:HAL_TIM_DMABurst_WriteStop	16	static
stm32f4xx_hal_tim.c:3574:19:HAL_TIM_DMABurst_ReadStart	24	static
stm32f4xx_hal_tim.c:3707:19:HAL_TIM_DMABurst_ReadStop	16	static
stm32f4xx_hal_tim.c:3780:19:HAL_TIM_GenerateEvent	0	static
stm32f4xx_hal_tim.c:3818:19:HAL_TIM_ConfigOCrefClear	12	static
stm32f4xx_hal_tim.c:3921:19:HAL_TIM_ConfigClockSource	12	static
stm32f4xx_hal_tim.c:4059:19:HAL_TIM_ConfigTI1Input	0	static
stm32f4xx_hal_tim.c:4092:19:HAL_TIM_SlaveConfigSynchronization	16	static
stm32f4xx_hal_tim.c:4127:19:HAL_TIM_SlaveConfigSynchronization_IT	16	static
stm32f4xx_hal_tim.c:4166:10:HAL_TIM_ReadCapturedValue	0	static
stm32f4xx_hal_tim.c:4253:13:HAL_TIM_PeriodElapsedCallback	0	static
stm32f4xx_hal_tim.c:4700:13:TIM_DMAPeriodElapsedCplt	8	static
stm32f4xx_hal_tim.c:4266:13:HAL_TIM_OC_DelayElapsedCallback	0	static
stm32f4xx_hal_tim.c:4278:13:HAL_TIM_IC_CaptureCallback	0	static
stm32f4xx_hal_tim.c:4636:6:TIM_DMACaptureCplt	8	static
stm32f4xx_hal_tim.c:4291:13:HAL_TIM_PWM_PulseFinishedCallback	0	static
stm32f4xx_hal_tim.c:4587:6:TIM_DMADelayPulseCplt	8	static
stm32f4xx_hal_tim.c:4304:13:HAL_TIM_TriggerCallback	0	static
stm32f4xx_hal_tim.c:2775:6:HAL_TIM_IRQHandler	8	static
stm32f4xx_hal_tim.c:4715:13:TIM_DMATriggerCplt	8	static
stm32f4xx_hal_tim.c:4317:13:HAL_TIM_ErrorCallback	0	static
stm32f4xx_hal_tim.c:4621:6:TIM_DMAError	8	static
stm32f4xx_hal_tim.c:4348:22:HAL_TIM_Base_GetState	0	static
stm32f4xx_hal_tim.c:4359:22:HAL_TIM_OC_GetState	0	static
stm32f4xx_hal_tim.c:4370:22:HAL_TIM_PWM_GetState	0	static
stm32f4xx_hal_tim.c:4381:22:HAL_TIM_IC_GetState	0	static
stm32f4xx_hal_tim.c:4392:22:HAL_TIM_OnePulse_GetState	0	static
stm32f4xx_hal_tim.c:4403:22:HAL_TIM_Encoder_GetState	0	static
stm32f4xx_hal_tim.c:4417:6:TIM_Base_SetConfig	0	static
stm32f4xx_hal_tim.c:208:19:HAL_TIM_Base_Init	8	static
stm32f4xx_hal_tim.c:486:19:HAL_TIM_OC_Init	8	static
stm32f4xx_hal_tim.c:994:19:HAL_TIM_PWM_Init	8	static
stm32f4xx_hal_tim.c:1505:19:HAL_TIM_IC_Init	8	static
stm32f4xx_hal_tim.c:1983:19:HAL_TIM_OnePulse_Init	16	static
stm32f4xx_hal_tim.c:2255:19:HAL_TIM_Encoder_Init	24	static
stm32f4xx_hal_tim.c:4476:6:TIM_TI1_SetConfig	12	static
stm32f4xx_hal_tim.c:3011:19:HAL_TIM_IC_ConfigChannel	24	static
stm32f4xx_hal_tim.c:4518:6:TIM_OC2_SetConfig	8	static
stm32f4xx_hal_tim.c:2938:19:HAL_TIM_OC_ConfigChannel	8	static
stm32f4xx_hal_tim.c:3108:19:HAL_TIM_PWM_ConfigChannel	16	static
stm32f4xx_hal_tim.c:3212:19:HAL_TIM_OnePulse_ConfigChannel	48	static
stm32f4xx_hal_tim.c:4677:6:TIM_CCxChannelCmd	4	static
stm32f4xx_hal_tim.c:585:19:HAL_TIM_OC_Start	8	static
stm32f4xx_hal_tim.c:618:19:HAL_TIM_OC_Stop	8	static
stm32f4xx_hal_tim.c:651:19:HAL_TIM_OC_Start_IT	8	static
stm32f4xx_hal_tim.c:718:19:HAL_TIM_OC_Stop_IT	8	static
stm32f4xx_hal_tim.c:787:19:HAL_TIM_OC_Start_DMA	16	static
stm32f4xx_hal_tim.c:905:19:HAL_TIM_OC_Stop_DMA	8	static
stm32f4xx_hal_tim.c:1093:19:HAL_TIM_PWM_Start	8	static
stm32f4xx_hal_tim.c:1126:19:HAL_TIM_PWM_Stop	8	static
stm32f4xx_hal_tim.c:1162:19:HAL_TIM_PWM_Start_IT	8	static
stm32f4xx_hal_tim.c:1229:19:HAL_TIM_PWM_Stop_IT	8	static
stm32f4xx_hal_tim.c:1298:19:HAL_TIM_PWM_Start_DMA	16	static
stm32f4xx_hal_tim.c:1416:19:HAL_TIM_PWM_Stop_DMA	8	static
stm32f4xx_hal_tim.c:1604:19:HAL_TIM_IC_Start	8	static
stm32f4xx_hal_tim.c:1631:19:HAL_TIM_IC_Stop	8	static
stm32f4xx_hal_tim.c:1658:19:HAL_TIM_IC_Start_IT	8	static
stm32f4xx_hal_tim.c:1718:19:HAL_TIM_IC_Stop_IT	8	static
stm32f4xx_hal_tim.c:1781:19:HAL_TIM_IC_Start_DMA	16	static
stm32f4xx_hal_tim.c:1895:19:HAL_TIM_IC_Stop_DMA	8	static
stm32f4xx_hal_tim.c:2087:19:HAL_TIM_OnePulse_Start	8	static
stm32f4xx_hal_tim.c:2121:19:HAL_TIM_OnePulse_Stop	8	static
stm32f4xx_hal_tim.c:2155:19:HAL_TIM_OnePulse_Start_IT	8	static
stm32f4xx_hal_tim.c:2195:19:HAL_TIM_OnePulse_Stop_IT	8	static
stm32f4xx_hal_tim.c:2403:19:HAL_TIM_Encoder_Start	8	static
stm32f4xx_hal_tim.c:2446:19:HAL_TIM_Encoder_Stop	8	static
stm32f4xx_hal_tim.c:2490:19:HAL_TIM_Encoder_Start_IT	8	static
stm32f4xx_hal_tim.c:2539:19:HAL_TIM_Encoder_Stop_IT	8	static
stm32f4xx_hal_tim.c:2594:19:HAL_TIM_Encoder_Start_DMA	24	static
stm32f4xx_hal_tim.c:2712:19:HAL_TIM_Encoder_Stop_DMA	8	static
