stm32f4xx_hal_sd.c:2931:28:SD_CmdResp2Error	0	static
stm32f4xx_hal_sd.c:2755:28:SD_CmdResp1Error	16	static
stm32f4xx_hal_sd.c:3315:28:SD_IsCardProgramming	40	static
stm32f4xx_hal_sd.c:3188:28:SD_FindSCR	80	static
stm32f4xx_hal_sd.c:413:13:HAL_SD_MspInit	0	static
stm32f4xx_hal_sd.c:425:13:HAL_SD_MspDeInit	0	static
stm32f4xx_hal_sd.c:395:19:HAL_SD_DeInit	8	static
stm32f4xx_hal_sd.c:884:21:HAL_SD_ReadBlocks_DMA	72	static
stm32f4xx_hal_sd.c:1008:21:HAL_SD_WriteBlocks_DMA	72	static
stm32f4xx_hal_sd.c:1254:21:HAL_SD_Erase	56	static
stm32f4xx_hal_sd.c:1439:13:HAL_SD_XferCpltCallback	0	static
stm32f4xx_hal_sd.c:1451:13:HAL_SD_XferErrorCallback	0	static
stm32f4xx_hal_sd.c:1358:6:HAL_SD_IRQHandler	8	static
stm32f4xx_hal_sd.c:1464:13:HAL_SD_DMA_RxCpltCallback	0	static
stm32f4xx_hal_sd.c:2267:13:SD_DMA_RxCplt	8	static
stm32f4xx_hal_sd.c:1477:13:HAL_SD_DMA_RxErrorCallback	0	static
stm32f4xx_hal_sd.c:2292:13:SD_DMA_RxError	8	static
stm32f4xx_hal_sd.c:1490:13:HAL_SD_DMA_TxCpltCallback	0	static
stm32f4xx_hal_sd.c:2306:13:SD_DMA_TxCplt	8	static
stm32f4xx_hal_sd.c:1503:13:HAL_SD_DMA_TxErrorCallback	0	static
stm32f4xx_hal_sd.c:2331:13:SD_DMA_TxError	8	static
stm32f4xx_hal_sd.c:1536:21:HAL_SD_Get_CardInfo	20	static
stm32f4xx_hal_sd.c:338:21:HAL_SD_Init	104	static
stm32f4xx_hal_sd.c:1752:21:HAL_SD_WideBusOperation_Config	88	static
stm32f4xx_hal_sd.c:1806:21:HAL_SD_StopTransfer	40	static
stm32f4xx_hal_sd.c:462:21:HAL_SD_ReadBlocks	80	static
stm32f4xx_hal_sd.c:656:21:HAL_SD_WriteBlocks	88	static
stm32f4xx_hal_sd.c:1131:21:HAL_SD_CheckReadOperation	16	static
stm32f4xx_hal_sd.c:1833:21:HAL_SD_HighSpeed	144	static
stm32f4xx_hal_sd.c:2001:21:HAL_SD_SendSDStatus	72	static
stm32f4xx_hal_sd.c:2143:29:HAL_SD_GetStatus	40	static
stm32f4xx_hal_sd.c:1191:21:HAL_SD_CheckWriteOperation	16	static
stm32f4xx_hal_sd.c:2172:21:HAL_SD_GetCardStatus	72	static
