stm32f4xx_hal_pwr.c:110:6:HAL_PWR_DeInit	0	static
stm32f4xx_hal_pwr.c:123:6:HAL_PWR_EnableBkUpAccess	0	static
stm32f4xx_hal_pwr.c:135:6:HAL_PWR_DisableBkUpAccess	0	static
stm32f4xx_hal_pwr.c:269:6:HAL_PWR_ConfigPVD	0	static
stm32f4xx_hal_pwr.c:312:6:HAL_PWR_EnablePVD	0	static
stm32f4xx_hal_pwr.c:321:6:HAL_PWR_DisablePVD	0	static
stm32f4xx_hal_pwr.c:334:6:HAL_PWR_EnableWakeUpPin	0	static
stm32f4xx_hal_pwr.c:351:6:HAL_PWR_DisableWakeUpPin	0	static
stm32f4xx_hal_pwr.c:380:6:HAL_PWR_EnterSLEEPMode	0	static
stm32f4xx_hal_pwr.c:423:6:HAL_PWR_EnterSTOPMode	0	static
stm32f4xx_hal_pwr.c:462:6:HAL_PWR_EnterSTANDBYMode	0	static
stm32f4xx_hal_pwr.c:500:13:HAL_PWR_PVDCallback	0	static
stm32f4xx_hal_pwr.c:483:6:HAL_PWR_PVD_IRQHandler	8	static
stm32f4xx_hal_pwr.c:515:6:HAL_PWR_EnableSleepOnExit	0	static
stm32f4xx_hal_pwr.c:527:6:HAL_PWR_DisableSleepOnExit	0	static
stm32f4xx_hal_pwr.c:539:6:HAL_PWR_EnableSEVOnPend	0	static
stm32f4xx_hal_pwr.c:551:6:HAL_PWR_DisableSEVOnPend	0	static
