stm32f4xx_hal_can.c:359:19:HAL_CAN_ConfigFilter	12	static
stm32f4xx_hal_can.c:493:13:HAL_CAN_MspInit	0	static
stm32f4xx_hal_can.c:168:19:HAL_CAN_Init	16	static
stm32f4xx_hal_can.c:506:13:HAL_CAN_MspDeInit	0	static
stm32f4xx_hal_can.c:460:19:HAL_CAN_DeInit	8	static
stm32f4xx_hal_can.c:541:19:HAL_CAN_Transmit	32	static
stm32f4xx_hal_can.c:675:19:HAL_CAN_Transmit_IT	16	static
stm32f4xx_hal_can.c:797:19:HAL_CAN_Receive	24	static
stm32f4xx_hal_can.c:903:19:HAL_CAN_Receive_IT	4	static
stm32f4xx_hal_can.c:975:19:HAL_CAN_Sleep	16	static
stm32f4xx_hal_can.c:1030:19:HAL_CAN_WakeUp	16	static
stm32f4xx_hal_can.c:1210:13:HAL_CAN_TxCpltCallback	0	static
stm32f4xx_hal_can.c:1223:13:HAL_CAN_RxCpltCallback	0	static
stm32f4xx_hal_can.c:1343:26:CAN_Receive_IT	8	static
stm32f4xx_hal_can.c:1236:13:HAL_CAN_ErrorCallback	0	static
stm32f4xx_hal_can.c:1082:6:HAL_CAN_IRQHandler	16	static
stm32f4xx_hal_can.c:1269:22:HAL_CAN_GetState	0	static
stm32f4xx_hal_can.c:1281:10:HAL_CAN_GetError	0	static
