stm32f4xx_hal_nor.c:233:13:HAL_NOR_MspInit	0	static
stm32f4xx_hal_nor.c:170:19:HAL_NOR_Init	16	static
stm32f4xx_hal_nor.c:246:13:HAL_NOR_MspDeInit	0	static
stm32f4xx_hal_nor.c:210:19:HAL_NOR_DeInit	8	static
stm32f4xx_hal_nor.c:260:13:HAL_NOR_MspWait	0	static
stm32f4xx_hal_nor.c:291:19:HAL_NOR_Read_ID	0	static
stm32f4xx_hal_nor.c:350:19:HAL_NOR_ReturnToReadMode	0	static
stm32f4xx_hal_nor.c:399:19:HAL_NOR_Read	4	static
stm32f4xx_hal_nor.c:457:19:HAL_NOR_Program	4	static
stm32f4xx_hal_nor.c:517:19:HAL_NOR_ReadBuffer	8	static
stm32f4xx_hal_nor.c:582:19:HAL_NOR_ProgramBuffer	16	static
stm32f4xx_hal_nor.c:661:19:HAL_NOR_Erase_Block	12	static
stm32f4xx_hal_nor.c:719:19:HAL_NOR_Erase_Chip	4	static
stm32f4xx_hal_nor.c:776:19:HAL_NOR_Read_CFI	0	static
stm32f4xx_hal_nor.c:852:19:HAL_NOR_WriteOperation_Enable	16	static
stm32f4xx_hal_nor.c:874:19:HAL_NOR_WriteOperation_Disable	8	static
stm32f4xx_hal_nor.c:918:22:HAL_NOR_GetState	0	static
stm32f4xx_hal_nor.c:931:23:HAL_NOR_GetStatus	24	static
