stm32f4xx_ll_fsmc.c:146:20:FSMC_NORSRAM_Init	12	static
stm32f4xx_ll_fsmc.c:207:19:FSMC_NORSRAM_DeInit	4	static
stm32f4xx_ll_fsmc.c:243:19:FSMC_NORSRAM_Timing_Init	12	static
stm32f4xx_ll_fsmc.c:286:20:FSMC_NORSRAM_Extended_Timing_Init	12	static
stm32f4xx_ll_fsmc.c:352:19:FSMC_NORSRAM_WriteOperation_Enable	0	static
stm32f4xx_ll_fsmc.c:366:19:FSMC_NORSRAM_WriteOperation_Disable	0	static
stm32f4xx_ll_fsmc.c:430:19:FSMC_NAND_Init	8	static
stm32f4xx_ll_fsmc.c:490:19:FSMC_NAND_CommonSpace_Timing_Init	0	static
stm32f4xx_ll_fsmc.c:544:19:FSMC_NAND_AttributeSpace_Timing_Init	0	static
stm32f4xx_ll_fsmc.c:596:19:FSMC_NAND_DeInit	0	static
stm32f4xx_ll_fsmc.c:647:20:FSMC_NAND_ECC_Enable	0	static
stm32f4xx_ll_fsmc.c:668:19:FSMC_NAND_ECC_Disable	0	static
stm32f4xx_ll_fsmc.c:691:19:FSMC_NAND_GetECC	24	static
stm32f4xx_ll_fsmc.c:785:19:FSMC_PCCARD_Init	4	static
stm32f4xx_ll_fsmc.c:819:19:FSMC_PCCARD_CommonSpace_Timing_Init	0	static
stm32f4xx_ll_fsmc.c:853:19:FSMC_PCCARD_AttributeSpace_Timing_Init	0	static
stm32f4xx_ll_fsmc.c:887:19:FSMC_PCCARD_IOSpace_Timing_Init	0	static
stm32f4xx_ll_fsmc.c:920:19:FSMC_PCCARD_DeInit	0	static
