stm32f4xx_hal_dcmi.c:249:13:HAL_DCMI_MspInit	0	static
stm32f4xx_hal_dcmi.c:145:26:HAL_DCMI_Init	8	static
stm32f4xx_hal_dcmi.c:262:13:HAL_DCMI_MspDeInit	0	static
stm32f4xx_hal_dcmi.c:226:19:HAL_DCMI_DeInit	8	static
stm32f4xx_hal_dcmi.c:298:19:HAL_DCMI_Start_DMA	24	static
stm32f4xx_hal_dcmi.c:371:19:HAL_DCMI_Stop	16	static
stm32f4xx_hal_dcmi.c:541:13:HAL_DCMI_ErrorCallback	0	static
stm32f4xx_hal_dcmi.c:805:13:DCMI_DMAError	8	static
stm32f4xx_hal_dcmi.c:554:13:HAL_DCMI_LineEventCallback	0	static
stm32f4xx_hal_dcmi.c:567:13:HAL_DCMI_VsyncEventCallback	0	static
stm32f4xx_hal_dcmi.c:580:13:HAL_DCMI_FrameEventCallback	0	static
stm32f4xx_hal_dcmi.c:751:13:DCMI_DMAConvCplt	8	static
stm32f4xx_hal_dcmi.c:426:6:HAL_DCMI_IRQHandler	8	static
stm32f4xx_hal_dcmi.c:616:19:HAL_DCMI_ConfigCROP	4	static
stm32f4xx_hal_dcmi.c:649:19:HAL_DCMI_DisableCROP	0	static
stm32f4xx_hal_dcmi.c:675:19:HAL_DCMI_EnableCROP	0	static
stm32f4xx_hal_dcmi.c:721:23:HAL_DCMI_GetState	0	static
stm32f4xx_hal_dcmi.c:732:10:HAL_DCMI_GetError	0	static
