stm32f4xx_hal_rng.c:191:13:HAL_RNG_MspInit	0	static
stm32f4xx_hal_rng.c:120:19:HAL_RNG_Init	8	static
stm32f4xx_hal_rng.c:204:13:HAL_RNG_MspDeInit	0	static
stm32f4xx_hal_rng.c:159:19:HAL_RNG_DeInit	8	static
stm32f4xx_hal_rng.c:241:19:HAL_RNG_GenerateRandomNumber	16	static
stm32f4xx_hal_rng.c:295:19:HAL_RNG_GenerateRandomNumber_IT	0	static
stm32f4xx_hal_rng.c:388:10:HAL_RNG_GetRandomNumber	8	static
stm32f4xx_hal_rng.c:407:10:HAL_RNG_GetRandomNumber_IT	0	static
stm32f4xx_hal_rng.c:433:10:HAL_RNG_ReadLastRandomNumber	0	static
stm32f4xx_hal_rng.c:445:13:HAL_RNG_ReadyDataCallback	0	static
stm32f4xx_hal_rng.c:458:13:HAL_RNG_ErrorCallback	0	static
stm32f4xx_hal_rng.c:346:6:HAL_RNG_IRQHandler	8	static
stm32f4xx_hal_rng.c:490:22:HAL_RNG_GetState	0	static
