stm32f4xx_hal_i2s.c:358:14:HAL_I2S_MspInit	0	static
stm32f4xx_hal_i2s.c:206:26:HAL_I2S_Init	16	static
stm32f4xx_hal_i2s.c:371:14:HAL_I2S_MspDeInit	0	static
stm32f4xx_hal_i2s.c:330:19:HAL_I2S_DeInit	8	static
stm32f4xx_hal_i2s.c:603:19:HAL_I2S_Transmit_IT	0	static
stm32f4xx_hal_i2s.c:671:19:HAL_I2S_Receive_IT	0	static
stm32f4xx_hal_i2s.c:737:19:HAL_I2S_Transmit_DMA	16	static
stm32f4xx_hal_i2s.c:822:19:HAL_I2S_Receive_DMA	16	static
stm32f4xx_hal_i2s.c:906:26:HAL_I2S_DMAPause	0	static
stm32f4xx_hal_i2s.c:947:26:HAL_I2S_DMAResume	0	static
stm32f4xx_hal_i2s.c:995:26:HAL_I2S_DMAStop	8	static
stm32f4xx_hal_i2s.c:1091:14:HAL_I2S_TxHalfCpltCallback	0	static
stm32f4xx_hal_i2s.c:1199:7:I2S_DMATxHalfCplt	8	static
stm32f4xx_hal_i2s.c:1104:14:HAL_I2S_TxCpltCallback	0	static
stm32f4xx_hal_i2s.c:1117:13:HAL_I2S_RxHalfCpltCallback	0	static
stm32f4xx_hal_i2s.c:1212:6:I2S_DMARxHalfCplt	8	static
stm32f4xx_hal_i2s.c:1130:13:HAL_I2S_RxCpltCallback	0	static
stm32f4xx_hal_i2s.c:1143:14:HAL_I2S_ErrorCallback	0	static
stm32f4xx_hal_i2s.c:1225:6:I2S_DMAError	8	static
stm32f4xx_hal_i2s.c:1174:22:HAL_I2S_GetState	0	static
stm32f4xx_hal_i2s.c:1185:10:HAL_I2S_GetError	0	static
stm32f4xx_hal_i2s.c:1244:19:I2S_Transmit_IT	8	static
stm32f4xx_hal_i2s.c:1288:19:I2S_Receive_IT	16	static
stm32f4xx_hal_i2s.c:1032:13:HAL_I2S_IRQHandler	16	static
stm32f4xx_hal_i2s.c:1343:19:I2S_WaitFlagStateUntilTimeout	24	static
stm32f4xx_hal_i2s.c:438:19:HAL_I2S_Transmit	24	static
stm32f4xx_hal_i2s.c:520:19:HAL_I2S_Receive	32	static
