stm32f4xx_hal_i2c.c:3628:26:I2C_WaitOnMasterAddressFlagUntilTimeout	24	static
stm32f4xx_hal_i2c.c:3571:26:I2C_WaitOnFlagUntilTimeout	24	static
stm32f4xx_hal_i2c.c:2960:26:I2C_MasterRequestWrite	16	static
stm32f4xx_hal_i2c.c:3022:26:I2C_MasterRequestRead	32	static
stm32f4xx_hal_i2c.c:3117:26:I2C_RequestMemoryWrite	32	static
stm32f4xx_hal_i2c.c:3188:26:I2C_RequestMemoryRead	32	static
stm32f4xx_hal_i2c.c:403:14:HAL_I2C_MspInit	0	static
stm32f4xx_hal_i2c.c:288:19:HAL_I2C_Init	16	static
stm32f4xx_hal_i2c.c:416:14:HAL_I2C_MspDeInit	0	static
stm32f4xx_hal_i2c.c:368:19:HAL_I2C_DeInit	8	static
stm32f4xx_hal_i2c.c:496:19:HAL_I2C_Master_Transmit	32	static
stm32f4xx_hal_i2c.c:594:19:HAL_I2C_Master_Receive	48	static
stm32f4xx_hal_i2c.c:785:19:HAL_I2C_Slave_Transmit	40	static
stm32f4xx_hal_i2c.c:890:19:HAL_I2C_Slave_Receive	40	static
stm32f4xx_hal_i2c.c:982:19:HAL_I2C_Master_Transmit_IT	16	static
stm32f4xx_hal_i2c.c:1053:19:HAL_I2C_Master_Receive_IT	24	static
stm32f4xx_hal_i2c.c:1151:19:HAL_I2C_Slave_Transmit_IT	4	static
stm32f4xx_hal_i2c.c:1204:19:HAL_I2C_Slave_Receive_IT	4	static
stm32f4xx_hal_i2c.c:1258:19:HAL_I2C_Master_Transmit_DMA	24	static
stm32f4xx_hal_i2c.c:1334:19:HAL_I2C_Master_Receive_DMA	24	static
stm32f4xx_hal_i2c.c:1420:19:HAL_I2C_Slave_Transmit_DMA	32	static
stm32f4xx_hal_i2c.c:1505:19:HAL_I2C_Slave_Receive_DMA	24	static
stm32f4xx_hal_i2c.c:1575:19:HAL_I2C_Mem_Write	32	static
stm32f4xx_hal_i2c.c:1675:19:HAL_I2C_Mem_Read	48	static
stm32f4xx_hal_i2c.c:1867:19:HAL_I2C_Mem_Write_IT	24	static
stm32f4xx_hal_i2c.c:1940:19:HAL_I2C_Mem_Read_IT	40	static
stm32f4xx_hal_i2c.c:2043:19:HAL_I2C_Mem_Write_DMA	32	static
stm32f4xx_hal_i2c.c:2121:19:HAL_I2C_Mem_Read_DMA	40	static
stm32f4xx_hal_i2c.c:2212:19:HAL_I2C_IsDeviceReady	48	static
stm32f4xx_hal_i2c.c:2498:14:HAL_I2C_MasterTxCpltCallback	0	static
stm32f4xx_hal_i2c.c:2511:13:HAL_I2C_MasterRxCpltCallback	0	static
stm32f4xx_hal_i2c.c:2523:14:HAL_I2C_SlaveTxCpltCallback	0	static
stm32f4xx_hal_i2c.c:2536:13:HAL_I2C_SlaveRxCpltCallback	0	static
stm32f4xx_hal_i2c.c:2549:14:HAL_I2C_MemTxCpltCallback	0	static
stm32f4xx_hal_i2c.c:2562:13:HAL_I2C_MemRxCpltCallback	0	static
stm32f4xx_hal_i2c.c:2320:6:HAL_I2C_EV_IRQHandler	24	static
stm32f4xx_hal_i2c.c:2575:14:HAL_I2C_ErrorCallback	0	static
stm32f4xx_hal_i2c.c:3546:13:I2C_DMAError	8	static
stm32f4xx_hal_i2c.c:3288:13:I2C_DMAMasterTransmitCplt	8	static
stm32f4xx_hal_i2c.c:3375:13:I2C_DMAMasterReceiveCplt	8	static
stm32f4xx_hal_i2c.c:3330:13:I2C_DMASlaveTransmitCplt	8	static
stm32f4xx_hal_i2c.c:3417:13:I2C_DMASlaveReceiveCplt	16	static
stm32f4xx_hal_i2c.c:3462:13:I2C_DMAMemTransmitCplt	8	static
stm32f4xx_hal_i2c.c:3504:13:I2C_DMAMemReceiveCplt	8	static
stm32f4xx_hal_i2c.c:2425:6:HAL_I2C_ER_IRQHandler	8	static
stm32f4xx_hal_i2c.c:2607:22:HAL_I2C_GetState	0	static
stm32f4xx_hal_i2c.c:2618:10:HAL_I2C_GetError	0	static
