stm32f4xx_hal_eth.c:1574:13:ETH_MACDMAConfig	16	static
stm32f4xx_hal_eth.c:1989:13:ETH_FlushTransmitFIFO	24	static
stm32f4xx_hal_eth.c:461:19:HAL_ETH_DMATxDescListInit	24	static
stm32f4xx_hal_eth.c:528:19:HAL_ETH_DMARxDescListInit	24	static
stm32f4xx_hal_eth.c:595:13:HAL_ETH_MspInit	0	static
stm32f4xx_hal_eth.c:608:13:HAL_ETH_MspDeInit	0	static
stm32f4xx_hal_eth.c:434:19:HAL_ETH_DeInit	8	static
stm32f4xx_hal_eth.c:649:19:HAL_ETH_TransmitFrame	16	static
stm32f4xx_hal_eth.c:762:19:HAL_ETH_GetReceivedFrame	0	static
stm32f4xx_hal_eth.c:842:19:HAL_ETH_GetReceivedFrame_IT	4	static
stm32f4xx_hal_eth.c:987:13:HAL_ETH_TxCpltCallback	0	static
stm32f4xx_hal_eth.c:1000:13:HAL_ETH_RxCpltCallback	0	static
stm32f4xx_hal_eth.c:1013:13:HAL_ETH_ErrorCallback	0	static
stm32f4xx_hal_eth.c:927:6:HAL_ETH_IRQHandler	8	static
stm32f4xx_hal_eth.c:1032:19:HAL_ETH_ReadPHYRegister	16	static
stm32f4xx_hal_eth.c:1104:19:HAL_ETH_WritePHYRegister	16	static
stm32f4xx_hal_eth.c:177:19:HAL_ETH_Init	32	static
stm32f4xx_hal_eth.c:1196:19:HAL_ETH_Start	24	static
stm32f4xx_hal_eth.c:1235:19:HAL_ETH_Stop	24	static
stm32f4xx_hal_eth.c:1275:19:HAL_ETH_ConfigMAC	16	static
stm32f4xx_hal_eth.c:1442:19:HAL_ETH_ConfigDMA	24	static
stm32f4xx_hal_eth.c:1549:22:HAL_ETH_GetState	0	static
