stm32f4xx_hal_rcc.c:234:6:HAL_RCC_DeInit	0	static
stm32f4xx_hal_rcc.c:268:26:HAL_RCC_OscConfig	32	static
stm32f4xx_hal_rcc.c:620:19:HAL_RCC_ClockConfig	24	static
stm32f4xx_hal_rcc.c:897:6:HAL_RCC_MCOConfig	48	static
stm32f4xx_hal_rcc.c:951:6:HAL_RCC_EnableCSS	0	static
stm32f4xx_hal_rcc.c:960:6:HAL_RCC_DisableCSS	0	static
stm32f4xx_hal_rcc.c:995:17:HAL_RCC_GetSysClockFreq	0	static
stm32f4xx_hal_rcc.c:1051:10:HAL_RCC_GetHCLKFreq	8	static
stm32f4xx_hal_rcc.c:1063:10:HAL_RCC_GetPCLK1Freq	8	static
stm32f4xx_hal_rcc.c:1075:10:HAL_RCC_GetPCLK2Freq	8	static
stm32f4xx_hal_rcc.c:1088:13:HAL_RCC_GetOscConfig	4	static
stm32f4xx_hal_rcc.c:1167:6:HAL_RCC_GetClockConfig	0	static
stm32f4xx_hal_rcc.c:1210:13:HAL_RCC_CSSCallback	0	static
stm32f4xx_hal_rcc.c:1193:6:HAL_RCC_NMI_IRQHandler	8	static
