stm32f4xx_hal_smartcard.c:968:13:SMARTCARD_DMATransmitCplt	0	static
stm32f4xx_hal_smartcard.c:335:14:HAL_SMARTCARD_MspInit	0	static
stm32f4xx_hal_smartcard.c:236:19:HAL_SMARTCARD_Init	24	static
stm32f4xx_hal_smartcard.c:348:14:HAL_SMARTCARD_MspDeInit	0	static
stm32f4xx_hal_smartcard.c:301:19:HAL_SMARTCARD_DeInit	8	static
stm32f4xx_hal_smartcard.c:418:19:HAL_SMARTCARD_Transmit	24	static
stm32f4xx_hal_smartcard.c:493:19:HAL_SMARTCARD_Receive	24	static
stm32f4xx_hal_smartcard.c:566:19:HAL_SMARTCARD_Transmit_IT	0	static
stm32f4xx_hal_smartcard.c:624:19:HAL_SMARTCARD_Receive_IT	0	static
stm32f4xx_hal_smartcard.c:681:19:HAL_SMARTCARD_Transmit_DMA	8	static
stm32f4xx_hal_smartcard.c:749:19:HAL_SMARTCARD_Receive_DMA	8	static
stm32f4xx_hal_smartcard.c:884:14:HAL_SMARTCARD_TxCpltCallback	0	static
stm32f4xx_hal_smartcard.c:897:13:HAL_SMARTCARD_RxCpltCallback	0	static
stm32f4xx_hal_smartcard.c:988:13:SMARTCARD_DMAReceiveCplt	8	static
stm32f4xx_hal_smartcard.c:910:14:HAL_SMARTCARD_ErrorCallback	0	static
stm32f4xx_hal_smartcard.c:1017:13:SMARTCARD_DMAError	8	static
stm32f4xx_hal_smartcard.c:810:6:HAL_SMARTCARD_IRQHandler	32	static
stm32f4xx_hal_smartcard.c:942:28:HAL_SMARTCARD_GetState	0	static
stm32f4xx_hal_smartcard.c:953:10:HAL_SMARTCARD_GetError	0	static
