stm32f4xx_hal_dac.c:304:13:HAL_DAC_MspInit	0	static
stm32f4xx_hal_dac.c:231:19:HAL_DAC_Init	8	static
stm32f4xx_hal_dac.c:317:13:HAL_DAC_MspDeInit	0	static
stm32f4xx_hal_dac.c:268:19:HAL_DAC_DeInit	8	static
stm32f4xx_hal_dac.c:356:19:HAL_DAC_Start	4	static
stm32f4xx_hal_dac.c:390:19:HAL_DAC_Stop	4	static
stm32f4xx_hal_dac.c:422:19:HAL_DAC_Start_DMA	24	static
stm32f4xx_hal_dac.c:541:19:HAL_DAC_Stop_DMA	8	static
stm32f4xx_hal_dac.c:591:10:HAL_DAC_GetValue	0	static
stm32f4xx_hal_dac.c:659:13:HAL_DAC_ConvCpltCallbackCh1	0	static
stm32f4xx_hal_dac.c:871:13:DAC_DMAConvCpltCh1	8	static
stm32f4xx_hal_dac.c:672:13:HAL_DAC_ConvHalfCpltCallbackCh1	0	static
stm32f4xx_hal_dac.c:886:13:DAC_DMAHalfConvCpltCh1	8	static
stm32f4xx_hal_dac.c:685:13:HAL_DAC_ErrorCallbackCh1	0	static
stm32f4xx_hal_dac.c:899:13:DAC_DMAErrorCh1	8	static
stm32f4xx_hal_dac.c:698:13:HAL_DAC_DMAUnderrunCallbackCh1	0	static
stm32f4xx_hal_dac.c:613:6:HAL_DAC_IRQHandler	8	static
stm32f4xx_hal_dac.c:735:19:HAL_DAC_ConfigChannel	16	static
stm32f4xx_hal_dac.c:791:19:HAL_DAC_SetValue	16	static
stm32f4xx_hal_dac.c:843:22:HAL_DAC_GetState	0	static
stm32f4xx_hal_dac.c:856:10:HAL_DAC_GetError	0	static
