stm32f4xx_hal_hcd.c:182:19:HAL_HCD_HC_Init	40	static
stm32f4xx_hal_hcd.c:221:19:HAL_HCD_HC_Halt	8	static
stm32f4xx_hal_hcd.c:262:14:HAL_HCD_MspInit	0	static
stm32f4xx_hal_hcd.c:125:19:HAL_HCD_Init	64	static
stm32f4xx_hal_hcd.c:274:14:HAL_HCD_MspDeInit	0	static
stm32f4xx_hal_hcd.c:237:19:HAL_HCD_DeInit	8	static
stm32f4xx_hal_hcd.c:323:19:HAL_HCD_HC_SubmitRequest	24	static
stm32f4xx_hal_hcd.c:550:13:HAL_HCD_SOF_Callback	0	static
stm32f4xx_hal_hcd.c:562:13:HAL_HCD_Connect_Callback	0	static
stm32f4xx_hal_hcd.c:574:13:HAL_HCD_Disconnect_Callback	0	static
stm32f4xx_hal_hcd.c:596:13:HAL_HCD_HC_NotifyURBChange_Callback	0	static
stm32f4xx_hal_hcd.c:447:6:HAL_HCD_IRQHandler	56	static
stm32f4xx_hal_hcd.c:627:19:HAL_HCD_Start	16	static
stm32f4xx_hal_hcd.c:642:19:HAL_HCD_Stop	8	static
stm32f4xx_hal_hcd.c:655:19:HAL_HCD_ResetPort	8	static
stm32f4xx_hal_hcd.c:684:18:HAL_HCD_GetState	0	static
stm32f4xx_hal_hcd.c:703:21:HAL_HCD_HC_GetURBState	0	static
stm32f4xx_hal_hcd.c:716:10:HAL_HCD_HC_GetXferCount	0	static
stm32f4xx_hal_hcd.c:738:21:HAL_HCD_HC_GetState	0	static
stm32f4xx_hal_hcd.c:748:10:HAL_HCD_GetCurrentFrame	8	static
stm32f4xx_hal_hcd.c:758:10:HAL_HCD_GetCurrentSpeed	8	static
