stm32f4xx_ll_usb.c:99:19:USB_CoreInit	8	static
stm32f4xx_ll_usb.c:146:19:USB_EnableGlobalInt	0	static
stm32f4xx_ll_usb.c:159:19:USB_DisableGlobalInt	0	static
stm32f4xx_ll_usb.c:175:19:USB_SetCurrentMode	8	static
stm32f4xx_ll_usb.c:200:19:USB_DevInit	32	static
stm32f4xx_ll_usb.c:343:19:USB_FlushTxFifo	0	static
stm32f4xx_ll_usb.c:367:19:USB_FlushRxFifo	0	static
stm32f4xx_ll_usb.c:397:19:USB_SetDevSpeed	0	static
stm32f4xx_ll_usb.c:412:9:USB_GetDevSpeed	0	static
stm32f4xx_ll_usb.c:439:19:USB_ActivateEndpoint	12	static
stm32f4xx_ll_usb.c:470:19:USB_ActivateDedicatedEndpoint	12	static
stm32f4xx_ll_usb.c:513:19:USB_DeactivateEndpoint	8	static
stm32f4xx_ll_usb.c:538:19:USB_DeactivateDedicatedEndpoint	4	static
stm32f4xx_ll_usb.c:564:19:USB_EPStartXfer	24	static
stm32f4xx_ll_usb.c:686:19:USB_EP0StartXfer	8	static
stm32f4xx_ll_usb.c:775:19:USB_WritePacket	8	static
stm32f4xx_ll_usb.c:803:7:USB_ReadPacket	12	static
stm32f4xx_ll_usb.c:822:19:USB_EPSetStall	0	static
stm32f4xx_ll_usb.c:850:19:USB_EPClearStall	0	static
stm32f4xx_ll_usb.c:876:19:USB_StopDevice	16	static
stm32f4xx_ll_usb.c:907:20:USB_SetDevAddress	0	static
stm32f4xx_ll_usb.c:920:20:USB_DevConnect	8	static
stm32f4xx_ll_usb.c:933:20:USB_DevDisconnect	8	static
stm32f4xx_ll_usb.c:946:11:USB_ReadInterrupts	0	static
stm32f4xx_ll_usb.c:960:10:USB_ReadDevAllOutEpInterrupt	0	static
stm32f4xx_ll_usb.c:973:10:USB_ReadDevAllInEpInterrupt	0	static
stm32f4xx_ll_usb.c:988:10:USB_ReadDevOutEPInterrupt	0	static
stm32f4xx_ll_usb.c:1003:10:USB_ReadDevInEPInterrupt	0	static
stm32f4xx_ll_usb.c:1020:7:USB_ClearInterrupts	0	static
stm32f4xx_ll_usb.c:1033:10:USB_GetMode	0	static
stm32f4xx_ll_usb.c:1044:20:USB_ActivateSetup	0	static
stm32f4xx_ll_usb.c:1069:19:USB_EP0_OutStart	4	static
stm32f4xx_ll_usb.c:1092:26:USB_CoreReset	0	static
stm32f4xx_ll_usb.c:1131:19:USB_HostInit	16	static
stm32f4xx_ll_usb.c:1222:19:USB_InitFSLSPClkSel	4	static
stm32f4xx_ll_usb.c:1245:19:USB_ResetPort	16	static
stm32f4xx_ll_usb.c:1268:19:USB_DriveVbus	8	static
stm32f4xx_ll_usb.c:1296:10:USB_GetHostSpeed	8	static
stm32f4xx_ll_usb.c:1309:10:USB_GetCurrentFrame	0	static
stm32f4xx_ll_usb.c:1338:19:USB_HC_Init	20	static
stm32f4xx_ll_usb.c:1442:19:USB_HC_StartXfer	40	static
stm32f4xx_ll_usb.c:1552:10:USB_HC_ReadInterrupt	16	static
stm32f4xx_ll_usb.c:1564:19:USB_HC_Halt	24	static
stm32f4xx_ll_usb.c:1626:19:USB_DoPing	24	static
stm32f4xx_ll_usb.c:1645:19:USB_StopHost	32	static
