stm32f4xx_hal_i2s_ex.c:1230:6:I2S_DMATxCplt	8	static
stm32f4xx_hal_i2s_ex.c:1270:6:I2S_DMARxCplt	8	static
stm32f4xx_hal_i2s_ex.c:349:19:HAL_I2SEx_TransmitReceive	40	static
stm32f4xx_hal_i2s_ex.c:522:19:HAL_I2SEx_TransmitReceive_IT	4	static
stm32f4xx_hal_i2s_ex.c:647:19:HAL_I2SEx_TransmitReceive_DMA	24	static
stm32f4xx_hal_i2s_ex.c:791:19:HAL_I2S_DMAPause	0	static
stm32f4xx_hal_i2s_ex.c:836:19:HAL_I2S_DMAResume	0	static
stm32f4xx_hal_i2s_ex.c:888:19:HAL_I2S_DMAStop	8	static
stm32f4xx_hal_i2s_ex.c:1116:19:I2SEx_TransmitReceive_IT	8	static
stm32f4xx_hal_i2s_ex.c:937:6:HAL_I2S_IRQHandler	32	static
stm32f4xx_hal_i2s_ex.c:1309:10:I2S_GetInputClock	0	static
stm32f4xx_hal_i2s_ex.c:185:19:HAL_I2S_Init	16	static
