stm32f4xx_hal_rtc_ex.c:157:19:HAL_RTCEx_SetTimeStamp	12	static
stm32f4xx_hal_rtc_ex.c:217:19:HAL_RTCEx_SetTimeStamp_IT	8	static
stm32f4xx_hal_rtc_ex.c:271:19:HAL_RTCEx_DeactivateTimeStamp	0	static
stm32f4xx_hal_rtc_ex.c:315:19:HAL_RTCEx_GetTimeStamp	24	static
stm32f4xx_hal_rtc_ex.c:367:19:HAL_RTCEx_SetTamper	8	static
stm32f4xx_hal_rtc_ex.c:417:19:HAL_RTCEx_SetTamper_IT	8	static
stm32f4xx_hal_rtc_ex.c:476:19:HAL_RTCEx_DeactivateTamper	4	static
stm32f4xx_hal_rtc_ex.c:557:13:HAL_RTCEx_TimeStampEventCallback	0	static
stm32f4xx_hal_rtc_ex.c:570:13:HAL_RTCEx_Tamper1EventCallback	0	static
stm32f4xx_hal_rtc_ex.c:583:13:HAL_RTCEx_Tamper2EventCallback	0	static
stm32f4xx_hal_rtc_ex.c:502:6:HAL_RTCEx_TamperTimeStampIRQHandler	8	static
stm32f4xx_hal_rtc_ex.c:597:19:HAL_RTCEx_PollForTimeStampEvent	16	static
stm32f4xx_hal_rtc_ex.c:640:19:HAL_RTCEx_PollForTamper1Event	16	static
stm32f4xx_hal_rtc_ex.c:676:19:HAL_RTCEx_PollForTamper2Event	16	static
stm32f4xx_hal_rtc_ex.c:731:19:HAL_RTCEx_SetWakeUpTimer	24	static
stm32f4xx_hal_rtc_ex.c:800:19:HAL_RTCEx_SetWakeUpTimer_IT	24	static
stm32f4xx_hal_rtc_ex.c:875:10:HAL_RTCEx_DeactivateWakeUpTimer	16	static
stm32f4xx_hal_rtc_ex.c:930:10:HAL_RTCEx_GetWakeUpTimer	0	static
stm32f4xx_hal_rtc_ex.c:970:13:HAL_RTCEx_WakeUpTimerEventCallback	0	static
stm32f4xx_hal_rtc_ex.c:942:6:HAL_RTCEx_WakeUpTimerIRQHandler	8	static
stm32f4xx_hal_rtc_ex.c:984:19:HAL_RTCEx_PollForWakeUpTimerEvent	16	static
stm32f4xx_hal_rtc_ex.c:1054:6:HAL_RTCEx_BKUPWrite	0	static
stm32f4xx_hal_rtc_ex.c:1077:10:HAL_RTCEx_BKUPRead	0	static
stm32f4xx_hal_rtc_ex.c:1108:19:HAL_RTCEx_SetCoarseCalib	16	static
stm32f4xx_hal_rtc_ex.c:1166:19:HAL_RTCEx_DeactivateCoarseCalib	8	static
stm32f4xx_hal_rtc_ex.c:1231:19:HAL_RTCEx_SetSmoothCalib	24	static
stm32f4xx_hal_rtc_ex.c:1301:19:HAL_RTCEx_SetSynchroShift	24	static
stm32f4xx_hal_rtc_ex.c:1396:19:HAL_RTCEx_SetCalibrationOutPut	4	static
stm32f4xx_hal_rtc_ex.c:1435:19:HAL_RTCEx_DeactivateCalibrationOutPut	0	static
stm32f4xx_hal_rtc_ex.c:1465:19:HAL_RTCEx_SetRefClock	8	static
stm32f4xx_hal_rtc_ex.c:1515:19:HAL_RTCEx_DeactivateRefClock	8	static
stm32f4xx_hal_rtc_ex.c:1567:19:HAL_RTCEx_EnableBypassShadow	0	static
stm32f4xx_hal_rtc_ex.c:1600:19:HAL_RTCEx_DisableBypassShadow	0	static
stm32f4xx_hal_rtc_ex.c:1650:13:HAL_RTCEx_AlarmBEventCallback	0	static
stm32f4xx_hal_rtc_ex.c:1664:19:HAL_RTCEx_PollForAlarmBEvent	16	static
