stm32f4xx_hal_flash.c:647:13:FLASH_Program_Word	0	static
stm32f4xx_hal_flash.c:672:13:FLASH_Program_HalfWord	0	static
stm32f4xx_hal_flash.c:714:13:FLASH_SetErrorCode	0	static
stm32f4xx_hal_flash.c:233:19:HAL_FLASH_Program_IT	16	static
stm32f4xx_hal_flash.c:412:13:HAL_FLASH_EndOfOperationCallback	0	static
stm32f4xx_hal_flash.c:427:13:HAL_FLASH_OperationErrorCallback	0	static
stm32f4xx_hal_flash.c:284:6:HAL_FLASH_IRQHandler	8	static
stm32f4xx_hal_flash.c:457:19:HAL_FLASH_Unlock	0	static
stm32f4xx_hal_flash.c:477:19:HAL_FLASH_Lock	0	static
stm32f4xx_hal_flash.c:489:19:HAL_FLASH_OB_Unlock	0	static
stm32f4xx_hal_flash.c:509:19:HAL_FLASH_OB_Lock	0	static
stm32f4xx_hal_flash.c:558:10:HAL_FLASH_GetError	0	static
stm32f4xx_hal_flash.c:572:19:FLASH_WaitForLastOperation	16	static
stm32f4xx_hal_flash.c:175:19:HAL_FLASH_Program	24	static
stm32f4xx_hal_flash.c:521:19:HAL_FLASH_OB_Launch	8	static
