stm32f4xx_hal_dac_ex.c:109:10:HAL_DACEx_DualGetValue	0	static
stm32f4xx_hal_dac_ex.c:144:19:HAL_DACEx_TriangleWaveGenerate	12	static
stm32f4xx_hal_dac_ex.c:192:19:HAL_DACEx_NoiseWaveGenerate	12	static
stm32f4xx_hal_dac_ex.c:232:19:HAL_DACEx_DualSetValue	0	static
stm32f4xx_hal_dac_ex.c:271:13:HAL_DACEx_ConvCpltCallbackCh2	0	static
stm32f4xx_hal_dac_ex.c:284:13:HAL_DACEx_ConvHalfCpltCallbackCh2	0	static
stm32f4xx_hal_dac_ex.c:297:13:HAL_DACEx_ErrorCallbackCh2	0	static
stm32f4xx_hal_dac_ex.c:310:13:HAL_DACEx_DMAUnderrunCallbackCh2	0	static
stm32f4xx_hal_dac_ex.c:323:6:DAC_DMAConvCpltCh2	8	static
stm32f4xx_hal_dac_ex.c:338:6:DAC_DMAHalfConvCpltCh2	8	static
stm32f4xx_hal_dac_ex.c:351:6:DAC_DMAErrorCh2	8	static
