stm32f4xx_hal_usart.c:1469:26:USART_WaitOnFlagUntilTimeout	24	static
stm32f4xx_hal_usart.c:302:14:HAL_USART_MspInit	0	static
stm32f4xx_hal_usart.c:222:19:HAL_USART_Init	24	static
stm32f4xx_hal_usart.c:315:14:HAL_USART_MspDeInit	0	static
stm32f4xx_hal_usart.c:268:19:HAL_USART_DeInit	8	static
stm32f4xx_hal_usart.c:396:19:HAL_USART_Transmit	24	static
stm32f4xx_hal_usart.c:473:19:HAL_USART_Receive	32	static
stm32f4xx_hal_usart.c:575:19:HAL_USART_TransmitReceive	32	static
stm32f4xx_hal_usart.c:685:19:HAL_USART_Transmit_IT	0	static
stm32f4xx_hal_usart.c:734:19:HAL_USART_Receive_IT	0	static
stm32f4xx_hal_usart.c:784:19:HAL_USART_TransmitReceive_IT	4	static
stm32f4xx_hal_usart.c:836:19:HAL_USART_Transmit_DMA	16	static
stm32f4xx_hal_usart.c:897:19:HAL_USART_Receive_DMA	32	static
stm32f4xx_hal_usart.c:970:19:HAL_USART_TransmitReceive_DMA	32	static
stm32f4xx_hal_usart.c:1048:19:HAL_USART_DMAPause	0	static
stm32f4xx_hal_usart.c:1068:19:HAL_USART_DMAResume	0	static
stm32f4xx_hal_usart.c:1088:19:HAL_USART_DMAStop	8	static
stm32f4xx_hal_usart.c:1215:14:HAL_USART_TxCpltCallback	0	static
stm32f4xx_hal_usart.c:1342:13:USART_DMATransmitCplt	8	static
stm32f4xx_hal_usart.c:1228:14:HAL_USART_TxHalfCpltCallback	0	static
stm32f4xx_hal_usart.c:1375:13:USART_DMATxHalfCplt	8	static
stm32f4xx_hal_usart.c:1241:13:HAL_USART_RxCpltCallback	0	static
stm32f4xx_hal_usart.c:1254:13:HAL_USART_RxHalfCpltCallback	0	static
stm32f4xx_hal_usart.c:1436:13:USART_DMARxHalfCplt	8	static
stm32f4xx_hal_usart.c:1267:13:HAL_USART_TxRxCpltCallback	0	static
stm32f4xx_hal_usart.c:1387:13:USART_DMAReceiveCplt	8	static
stm32f4xx_hal_usart.c:1677:26:USART_TransmitReceive_IT	8	static
stm32f4xx_hal_usart.c:1280:14:HAL_USART_ErrorCallback	0	static
stm32f4xx_hal_usart.c:1448:13:USART_DMAError	8	static
stm32f4xx_hal_usart.c:1122:6:HAL_USART_IRQHandler	24	static
stm32f4xx_hal_usart.c:1316:24:HAL_USART_GetState	0	static
stm32f4xx_hal_usart.c:1327:10:HAL_USART_GetError	0	static
