stm32f4xx_hal_irda.c:1230:26:IRDA_WaitOnFlagUntilTimeout	24	static
stm32f4xx_hal_irda.c:308:14:HAL_IRDA_MspInit	0	static
stm32f4xx_hal_irda.c:213:19:HAL_IRDA_Init	24	static
stm32f4xx_hal_irda.c:321:14:HAL_IRDA_MspDeInit	0	static
stm32f4xx_hal_irda.c:273:19:HAL_IRDA_DeInit	8	static
stm32f4xx_hal_irda.c:391:19:HAL_IRDA_Transmit	24	static
stm32f4xx_hal_irda.c:483:19:HAL_IRDA_Receive	24	static
stm32f4xx_hal_irda.c:576:19:HAL_IRDA_Transmit_IT	0	static
stm32f4xx_hal_irda.c:628:19:HAL_IRDA_Receive_IT	0	static
stm32f4xx_hal_irda.c:684:19:HAL_IRDA_Transmit_DMA	8	static
stm32f4xx_hal_irda.c:754:19:HAL_IRDA_Receive_DMA	8	static
stm32f4xx_hal_irda.c:816:19:HAL_IRDA_DMAPause	0	static
stm32f4xx_hal_irda.c:857:19:HAL_IRDA_DMAResume	8	static
stm32f4xx_hal_irda.c:902:19:HAL_IRDA_DMAStop	8	static
stm32f4xx_hal_irda.c:1015:14:HAL_IRDA_TxCpltCallback	0	static
stm32f4xx_hal_irda.c:1126:13:IRDA_DMATransmitCplt	8	static
stm32f4xx_hal_irda.c:1028:14:HAL_IRDA_TxHalfCpltCallback	0	static
stm32f4xx_hal_irda.c:1154:13:IRDA_DMATransmitHalfCplt	8	static
stm32f4xx_hal_irda.c:1041:13:HAL_IRDA_RxCpltCallback	0	static
stm32f4xx_hal_irda.c:1166:13:IRDA_DMAReceiveCplt	8	static
stm32f4xx_hal_irda.c:1054:13:HAL_IRDA_RxHalfCpltCallback	0	static
stm32f4xx_hal_irda.c:1197:13:IRDA_DMAReceiveHalfCplt	8	static
stm32f4xx_hal_irda.c:1067:14:HAL_IRDA_ErrorCallback	0	static
stm32f4xx_hal_irda.c:1209:13:IRDA_DMAError	8	static
stm32f4xx_hal_irda.c:936:6:HAL_IRDA_IRQHandler	24	static
stm32f4xx_hal_irda.c:1101:23:HAL_IRDA_GetState	0	static
stm32f4xx_hal_irda.c:1112:10:HAL_IRDA_GetError	0	static
