Archive member included to satisfy reference by file (symbol)

d:/truestudio for arm 7.1.0/armtools/bin/../lib/gcc/arm-atollic-eabi/5.3.1/../../../../arm-atollic-eabi/lib/armv7e-m/fpu\libc.a(lib_a-memset.o)
                              STM32CubeF4\Drivers\STM32F4xx_HAL_Driver\Src\stm32f4xx_hal_sd.o (memset)
d:/truestudio for arm 7.1.0/armtools/bin/../lib/gcc/arm-atollic-eabi/5.3.1/../../../../arm-atollic-eabi/lib/armv7e-m/fpu\libc.a(lib_a-sprintf.o)
                              BSP\UserBsp\bsp_user.o (sprintf)
d:/truestudio for arm 7.1.0/armtools/bin/../lib/gcc/arm-atollic-eabi/5.3.1/../../../../arm-atollic-eabi/lib/armv7e-m/fpu\libc.a(lib_a-svfprintf.o)
                              d:/truestudio for arm 7.1.0/armtools/bin/../lib/gcc/arm-atollic-eabi/5.3.1/../../../../arm-atollic-eabi/lib/armv7e-m/fpu\libc.a(lib_a-sprintf.o) (_svfprintf_r)
d:/truestudio for arm 7.1.0/armtools/bin/../lib/gcc/arm-atollic-eabi/5.3.1/../../../../arm-atollic-eabi/lib/armv7e-m/fpu\libc.a(lib_a-vsprintf.o)
                              APP\app_serial.o (vsprintf)
d:/truestudio for arm 7.1.0/armtools/bin/../lib/gcc/arm-atollic-eabi/5.3.1/../../../../arm-atollic-eabi/lib/armv7e-m/fpu\libc.a(lib_a-dtoa.o)
                              d:/truestudio for arm 7.1.0/armtools/bin/../lib/gcc/arm-atollic-eabi/5.3.1/../../../../arm-atollic-eabi/lib/armv7e-m/fpu\libc.a(lib_a-svfprintf.o) (_dtoa_r)
d:/truestudio for arm 7.1.0/armtools/bin/../lib/gcc/arm-atollic-eabi/5.3.1/../../../../arm-atollic-eabi/lib/armv7e-m/fpu\libc.a(lib_a-impure.o)
                              d:/truestudio for arm 7.1.0/armtools/bin/../lib/gcc/arm-atollic-eabi/5.3.1/../../../../arm-atollic-eabi/lib/armv7e-m/fpu\libc.a(lib_a-sprintf.o) (_impure_ptr)
d:/truestudio for arm 7.1.0/armtools/bin/../lib/gcc/arm-atollic-eabi/5.3.1/../../../../arm-atollic-eabi/lib/armv7e-m/fpu\libc.a(lib_a-locale.o)
                              d:/truestudio for arm 7.1.0/armtools/bin/../lib/gcc/arm-atollic-eabi/5.3.1/../../../../arm-atollic-eabi/lib/armv7e-m/fpu\libc.a(lib_a-svfprintf.o) (_localeconv_r)
d:/truestudio for arm 7.1.0/armtools/bin/../lib/gcc/arm-atollic-eabi/5.3.1/../../../../arm-atollic-eabi/lib/armv7e-m/fpu\libc.a(lib_a-malloc.o)
                              d:/truestudio for arm 7.1.0/armtools/bin/../lib/gcc/arm-atollic-eabi/5.3.1/../../../../arm-atollic-eabi/lib/armv7e-m/fpu\libc.a(lib_a-dtoa.o) (malloc)
d:/truestudio for arm 7.1.0/armtools/bin/../lib/gcc/arm-atollic-eabi/5.3.1/../../../../arm-atollic-eabi/lib/armv7e-m/fpu\libc.a(lib_a-mallocr.o)
                              d:/truestudio for arm 7.1.0/armtools/bin/../lib/gcc/arm-atollic-eabi/5.3.1/../../../../arm-atollic-eabi/lib/armv7e-m/fpu\libc.a(lib_a-svfprintf.o) (_malloc_r)
d:/truestudio for arm 7.1.0/armtools/bin/../lib/gcc/arm-atollic-eabi/5.3.1/../../../../arm-atollic-eabi/lib/armv7e-m/fpu\libc.a(lib_a-memchr.o)
                              d:/truestudio for arm 7.1.0/armtools/bin/../lib/gcc/arm-atollic-eabi/5.3.1/../../../../arm-atollic-eabi/lib/armv7e-m/fpu\libc.a(lib_a-svfprintf.o) (memchr)
d:/truestudio for arm 7.1.0/armtools/bin/../lib/gcc/arm-atollic-eabi/5.3.1/../../../../arm-atollic-eabi/lib/armv7e-m/fpu\libc.a(lib_a-memcpy-stub.o)
                              d:/truestudio for arm 7.1.0/armtools/bin/../lib/gcc/arm-atollic-eabi/5.3.1/../../../../arm-atollic-eabi/lib/armv7e-m/fpu\libc.a(lib_a-dtoa.o) (memcpy)
d:/truestudio for arm 7.1.0/armtools/bin/../lib/gcc/arm-atollic-eabi/5.3.1/../../../../arm-atollic-eabi/lib/armv7e-m/fpu\libc.a(lib_a-mlock.o)
                              d:/truestudio for arm 7.1.0/armtools/bin/../lib/gcc/arm-atollic-eabi/5.3.1/../../../../arm-atollic-eabi/lib/armv7e-m/fpu\libc.a(lib_a-mallocr.o) (__malloc_lock)
d:/truestudio for arm 7.1.0/armtools/bin/../lib/gcc/arm-atollic-eabi/5.3.1/../../../../arm-atollic-eabi/lib/armv7e-m/fpu\libc.a(lib_a-mprec.o)
                              d:/truestudio for arm 7.1.0/armtools/bin/../lib/gcc/arm-atollic-eabi/5.3.1/../../../../arm-atollic-eabi/lib/armv7e-m/fpu\libc.a(lib_a-dtoa.o) (_Balloc)
d:/truestudio for arm 7.1.0/armtools/bin/../lib/gcc/arm-atollic-eabi/5.3.1/../../../../arm-atollic-eabi/lib/armv7e-m/fpu\libc.a(lib_a-sbrkr.o)
                              d:/truestudio for arm 7.1.0/armtools/bin/../lib/gcc/arm-atollic-eabi/5.3.1/../../../../arm-atollic-eabi/lib/armv7e-m/fpu\libc.a(lib_a-mallocr.o) (_sbrk_r)
d:/truestudio for arm 7.1.0/armtools/bin/../lib/gcc/arm-atollic-eabi/5.3.1/../../../../arm-atollic-eabi/lib/armv7e-m/fpu\libc.a(lib_a-strcmp.o)
                              d:/truestudio for arm 7.1.0/armtools/bin/../lib/gcc/arm-atollic-eabi/5.3.1/../../../../arm-atollic-eabi/lib/armv7e-m/fpu\libc.a(lib_a-locale.o) (strcmp)
d:/truestudio for arm 7.1.0/armtools/bin/../lib/gcc/arm-atollic-eabi/5.3.1/../../../../arm-atollic-eabi/lib/armv7e-m/fpu\libc.a(lib_a-strlen.o)
[...]
Memory Configuration

Name             Origin             Length             Attributes
FLASH            0x08000000         0x00100000         xr
RAM              0x20000000         0x00020000         xrw
MEMORY_B1        0x60000000         0x00000000         xr
CCMRAM           0x10000000         0x00010000         rw
*default*        0x00000000         0xffffffff

Linker script and memory map

LOAD d:/truestudio for arm 7.1.0/armtools/bin/../lib/gcc/arm-atollic-eabi/5.3.1/armv7e-m/fpu/crti.o
LOAD d:/truestudio for arm 7.1.0/armtools/bin/../lib/gcc/arm-atollic-eabi/5.3.1/armv7e-m/fpu/crtbegin.o
LOAD APP\UserApp\app_user_14_StatTask.o
LOAD APP\app_hooks.o
LOAD APP\app_serial.o
LOAD BSP\CMSIS\system_stm32f4xx.o
LOAD BSP\OS\uCOS-II\bsp_os.o
LOAD BSP\TrueSTUDIO\startup.o
LOAD BSP\UserBsp\bsp_user.o
LOAD BSP\bsp.o
LOAD BSP\bsp_int.o
LOAD BSP\bsp_periph.o
LOAD BSP\cpu_bsp.o
LOAD BSP\serial_bsp_stm3240x.o
LOAD STM32CubeF4\Drivers\STM32F4xx_HAL_Driver\Src\stm32f4xx_hal.o
LOAD STM32CubeF4\Drivers\STM32F4xx_HAL_Driver\Src\stm32f4xx_hal_adc.o
LOAD STM32CubeF4\Drivers\STM32F4xx_HAL_Driver\Src\stm32f4xx_hal_adc_ex.o
LOAD STM32CubeF4\Drivers\STM32F4xx_HAL_Driver\Src\stm32f4xx_hal_can.o
LOAD STM32CubeF4\Drivers\STM32F4xx_HAL_Driver\Src\stm32f4xx_hal_cec.o
LOAD STM32CubeF4\Drivers\STM32F4xx_HAL_Driver\Src\stm32f4xx_hal_cortex.o
LOAD STM32CubeF4\Drivers\STM32F4xx_HAL_Driver\Src\stm32f4xx_hal_crc.o
LOAD STM32CubeF4\Drivers\STM32F4xx_HAL_Driver\Src\stm32f4xx_hal_cryp.o
LOAD STM32CubeF4\Drivers\STM32F4xx_HAL_Driver\Src\stm32f4xx_hal_cryp_ex.o
LOAD STM32CubeF4\Drivers\STM32F4xx_HAL_Driver\Src\stm32f4xx_hal_dac.o
LOAD STM32CubeF4\Drivers\STM32F4xx_HAL_Driver\Src\stm32f4xx_hal_dac_ex.o
LOAD STM32CubeF4\Drivers\STM32F4xx_HAL_Driver\Src\stm32f4xx_hal_dcmi.o
LOAD STM32CubeF4\Drivers\STM32F4xx_HAL_Driver\Src\stm32f4xx_hal_dcmi_ex.o
LOAD STM32CubeF4\Drivers\STM32F4xx_HAL_Driver\Src\stm32f4xx_hal_dma.o
LOAD STM32CubeF4\Drivers\STM32F4xx_HAL_Driver\Src\stm32f4xx_hal_dma2d.o
LOAD STM32CubeF4\Drivers\STM32F4xx_HAL_Driver\Src\stm32f4xx_hal_dma_ex.o
LOAD STM32CubeF4\Drivers\STM32F4xx_HAL_Driver\Src\stm32f4xx_hal_eth.o
LOAD STM32CubeF4\Drivers\STM32F4xx_HAL_Driver\Src\stm32f4xx_hal_flash.o
LOAD STM32CubeF4\Drivers\STM32F4xx_HAL_Driver\Src\stm32f4xx_hal_flash_ex.o
LOAD STM32CubeF4\Drivers\STM32F4xx_HAL_Driver\Src\stm32f4xx_hal_flash_ramfunc.o
LOAD STM32CubeF4\Drivers\STM32F4xx_HAL_Driver\Src\stm32f4xx_hal_fmpi2c.o
LOAD STM32CubeF4\Drivers\STM32F4xx_HAL_Driver\Src\stm32f4xx_hal_fmpi2c_ex.o
LOAD STM32CubeF4\Drivers\STM32F4xx_HAL_Driver\Src\stm32f4xx_hal_gpio.o
LOAD STM32CubeF4\Drivers\STM32F4xx_HAL_Driver\Src\stm32f4xx_hal_hash.o
LOAD STM32CubeF4\Drivers\STM32F4xx_HAL_Driver\Src\stm32f4xx_hal_hash_ex.o
LOAD STM32CubeF4\Drivers\STM32F4xx_HAL_Driver\Src\stm32f4xx_hal_hcd.o
LOAD STM32CubeF4\Drivers\STM32F4xx_HAL_Driver\Src\stm32f4xx_hal_i2c.o
LOAD STM32CubeF4\Drivers\STM32F4xx_HAL_Driver\Src\stm32f4xx_hal_i2c_ex.o
LOAD STM32CubeF4\Drivers\STM32F4xx_HAL_Driver\Src\stm32f4xx_hal_i2s.o
LOAD STM32CubeF4\Drivers\STM32F4xx_HAL_Driver\Src\stm32f4xx_hal_i2s_ex.o
LOAD STM32CubeF4\Drivers\STM32F4xx_HAL_Driver\Src\stm32f4xx_hal_irda.o
LOAD STM32CubeF4\Drivers\STM32F4xx_HAL_Driver\Src\stm32f4xx_hal_iwdg.o
LOAD STM32CubeF4\Drivers\STM32F4xx_HAL_Driver\Src\stm32f4xx_hal_ltdc.o
LOAD STM32CubeF4\Drivers\STM32F4xx_HAL_Driver\Src\stm32f4xx_hal_msp_template.o
LOAD STM32CubeF4\Drivers\STM32F4xx_HAL_Driver\Src\stm32f4xx_hal_nand.o
LOAD STM32CubeF4\Drivers\STM32F4xx_HAL_Driver\Src\stm32f4xx_hal_nor.o
LOAD STM32CubeF4\Drivers\STM32F4xx_HAL_Driver\Src\stm32f4xx_hal_pccard.o
LOAD STM32CubeF4\Drivers\STM32F4xx_HAL_Driver\Src\stm32f4xx_hal_pcd.o
LOAD STM32CubeF4\Drivers\STM32F4xx_HAL_Driver\Src\stm32f4xx_hal_pcd_ex.o
LOAD STM32CubeF4\Drivers\STM32F4xx_HAL_Driver\Src\stm32f4xx_hal_pwr.o
LOAD STM32CubeF4\Drivers\STM32F4xx_HAL_Driver\Src\stm32f4xx_hal_pwr_ex.o
LOAD STM32CubeF4\Drivers\STM32F4xx_HAL_Driver\Src\stm32f4xx_hal_qspi.o
LOAD STM32CubeF4\Drivers\STM32F4xx_HAL_Driver\Src\stm32f4xx_hal_rcc.o
LOAD STM32CubeF4\Drivers\STM32F4xx_HAL_Driver\Src\stm32f4xx_hal_rcc_ex.o
LOAD STM32CubeF4\Drivers\STM32F4xx_HAL_Driver\Src\stm32f4xx_hal_rng.o
LOAD STM32CubeF4\Drivers\STM32F4xx_HAL_Driver\Src\stm32f4xx_hal_rtc.o
LOAD STM32CubeF4\Drivers\STM32F4xx_HAL_Driver\Src\stm32f4xx_hal_rtc_ex.o
LOAD STM32CubeF4\Drivers\STM32F4xx_HAL_Driver\Src\stm32f4xx_hal_sai.o
LOAD STM32CubeF4\Drivers\STM32F4xx_HAL_Driver\Src\stm32f4xx_hal_sai_ex.o
LOAD STM32CubeF4\Drivers\STM32F4xx_HAL_Driver\Src\stm32f4xx_hal_sd.o
LOAD STM32CubeF4\Drivers\STM32F4xx_HAL_Driver\Src\stm32f4xx_hal_sdram.o
LOAD STM32CubeF4\Drivers\STM32F4xx_HAL_Driver\Src\stm32f4xx_hal_smartcard.o
LOAD STM32CubeF4\Drivers\STM32F4xx_HAL_Driver\Src\stm32f4xx_hal_spdifrx.o
LOAD STM32CubeF4\Drivers\STM32F4xx_HAL_Driver\Src\stm32f4xx_hal_spi.o
LOAD STM32CubeF4\Drivers\STM32F4xx_HAL_Driver\Src\stm32f4xx_hal_sram.o
LOAD STM32CubeF4\Drivers\STM32F4xx_HAL_Driver\Src\stm32f4xx_hal_tim.o
LOAD STM32CubeF4\Drivers\STM32F4xx_HAL_Driver\Src\stm32f4xx_hal_tim_ex.o
LOAD STM32CubeF4\Drivers\STM32F4xx_HAL_Driver\Src\stm32f4xx_hal_uart.o
LOAD STM32CubeF4\Drivers\STM32F4xx_HAL_Driver\Src\stm32f4xx_hal_usart.o
LOAD STM32CubeF4\Drivers\STM32F4xx_HAL_Driver\Src\stm32f4xx_hal_wwdg.o
LOAD STM32CubeF4\Drivers\STM32F4xx_HAL_Driver\Src\stm32f4xx_ll_fmc.o
LOAD STM32CubeF4\Drivers\STM32F4xx_HAL_Driver\Src\stm32f4xx_ll_fsmc.o
LOAD STM32CubeF4\Drivers\STM32F4xx_HAL_Driver\Src\stm32f4xx_ll_sdmmc.o
LOAD STM32CubeF4\Drivers\STM32F4xx_HAL_Driver\Src\stm32f4xx_ll_usb.o
LOAD uC-CPU\ARM-Cortex-M4\GNU\cpu_a.o
LOAD uC-CPU\ARM-Cortex-M4\GNU\cpu_c.o
LOAD uC-CPU\cpu_core.o
LOAD uC-LIB\lib_ascii.o
LOAD uC-LIB\lib_math.o
LOAD uC-LIB\lib_mem.o
LOAD uC-LIB\lib_str.o
LOAD uC-Serial\Driver\ST\serial_drv_stm32.o
LOAD uC-Serial\Line\serial_line_dflt.o
LOAD uC-Serial\Line\serial_line_probe.o
LOAD uC-Serial\Line\serial_line_tty.o
LOAD uC-Serial\OS\uCOS-II\serial_os.o
LOAD uC-Serial\Source\serial.o
LOAD uC-Serial\Source\serial_buf.o
LOAD uCOS-II\Ports\ARM-Cortex-M4\Generic\GNU\os_cpu_a.o
LOAD uCOS-II\Ports\ARM-Cortex-M4\Generic\GNU\os_cpu_c.o
LOAD uCOS-II\Ports\ARM-Cortex-M4\Generic\GNU\os_dbg.o
LOAD uCOS-II\Source\os_core.o
LOAD uCOS-II\Source\os_flag.o
LOAD uCOS-II\Source\os_mbox.o
LOAD uCOS-II\Source\os_mem.o
LOAD uCOS-II\Source\os_mutex.o
LOAD uCOS-II\Source\os_q.o
LOAD uCOS-II\Source\os_sem.o
LOAD uCOS-II\Source\os_task.o
LOAD uCOS-II\Source\os_time.o
LOAD uCOS-II\Source\os_tmr.o
START GROUP
LOAD d:/truestudio for arm 7.1.0/armtools/bin/../lib/gcc/arm-atollic-eabi/5.3.1/../../../../arm-atollic-eabi/lib/armv7e-m/fpu\libc.a
LOAD d:/truestudio for arm 7.1.0/armtools/bin/../lib/gcc/arm-atollic-eabi/5.3.1/../../../../arm-atollic-eabi/lib/armv7e-m/fpu\libm.a
END GROUP
                0x00001000                malloc_getpagesize_P = 0x1000
START GROUP
LOAD d:/truestudio for arm 7.1.0/armtools/bin/../lib/gcc/arm-atollic-eabi/5.3.1/armv7e-m/fpu\libgcc.a
LOAD d:/truestudio for arm 7.1.0/armtools/bin/../lib/gcc/arm-atollic-eabi/5.3.1/../../../../arm-atollic-eabi/lib/armv7e-m/fpu\libc.a
END GROUP
START GROUP
LOAD d:/truestudio for arm 7.1.0/armtools/bin/../lib/gcc/arm-atollic-eabi/5.3.1/armv7e-m/fpu\libgcc.a
LOAD d:/truestudio for arm 7.1.0/armtools/bin/../lib/gcc/arm-atollic-eabi/5.3.1/../../../../arm-atollic-eabi/lib/armv7e-m/fpu\libc.a
LOAD d:/truestudio for arm 7.1.0/armtools/bin/../lib/gcc/arm-atollic-eabi/5.3.1/../../../../arm-atollic-eabi/lib/armv7e-m/fpu\libnosys.a
END GROUP
LOAD d:/truestudio for arm 7.1.0/armtools/bin/../lib/gcc/arm-atollic-eabi/5.3.1/armv7e-m/fpu/crtend.o
LOAD d:/truestudio for arm 7.1.0/armtools/bin/../lib/gcc/arm-atollic-eabi/5.3.1/armv7e-m/fpu/crtn.o
                0x20020000                _estack = 0x20020000
                0x00000000                _Min_Heap_Size = 0x0
                0x00000400                _Min_Stack_Size = 0x400

.isr_vector     0x08000000      0x188
                0x08000000                . = ALIGN (0x4)
 *(.isr_vector)
 .isr_vector    0x08000000      0x188 BSP\TrueSTUDIO\startup.o
                0x08000000                g_pfnVectors
                0x08000188                . = ALIGN (0x4)

.text           0x08000190     0x714c
                0x08000190                . = ALIGN (0x4)
 *(.text)
 .text          0x08000190       0x40 d:/truestudio for arm 7.1.0/armtools/bin/../lib/gcc/arm-atollic-eabi/5.3.1/armv7e-m/fpu/crtbegin.o
 .text          0x080001d0       0x34 uC-CPU\ARM-Cortex-M4\GNU\cpu_a.o
                0x080001d0                CPU_IntDis
                0x080001d4                CPU_IntEn
                0x080001d8                CPU_SR_Save
                0x080001e0                CPU_SR_Restore
                0x080001e6                CPU_WaitForInt
                0x080001ea                CPU_WaitForExcept
                0x080001ee                CPU_CntLeadZeros
                0x080001f4                CPU_CntTrailZeros
                0x080001fe                CPU_RevBits
 .text          0x08000204       0xdc uCOS-II\Ports\ARM-Cortex-M4\Generic\GNU\os_cpu_a.o
                0x08000204                OS_CPU_FP_Reg_Push
                0x0800021e                OS_CPU_FP_Reg_Pop
                0x08000230                OS_CPU_SR_Save
                0x08000238                OS_CPU_SR_Restore
                0x0800023e                OSStartHighRdy
                0x08000264                OSCtxSw
                0x0800026e                OSIntCtxSw
                0x08000278                OS_CPU_PendSVHandler
 .text          0x080002e0       0xa0 d:/truestudio for arm 7.1.0/armtools/bin/../lib/gcc/arm-atollic-eabi/5.3.1/../../../../arm-atollic-eabi/lib/armv7e-m/fpu\libc.a(lib_a-memchr.o)
                0x080002e0                memchr
 .text          0x08000380       0x10 d:/truestudio for arm 7.1.0/armtools/bin/../lib/gcc/arm-atollic-eabi/5.3.1/../../../../arm-atollic-eabi/lib/armv7e-m/fpu\libc.a(lib_a-strlen.o)
                0x08000380                strlen
 .text          0x08000390      0x370 d:/truestudio for arm 7.1.0/armtools/bin/../lib/gcc/arm-atollic-eabi/5.3.1/armv7e-m/fpu\libgcc.a(_arm_addsubdf3.o)
                0x08000390                __aeabi_drsub
                0x08000398                __aeabi_dsub
                0x08000398                __subdf3
                0x0800039c                __aeabi_dadd
                0x0800039c                __adddf3
                0x08000614                __floatunsidf
                0x08000614                __aeabi_ui2d
                0x08000634                __floatsidf
                0x08000634                __aeabi_i2d
                0x08000658                __aeabi_f2d
                0x08000658                __extendsfdf2
                0x08000694                __floatundidf
                0x08000694                __aeabi_ul2d
                0x080006a4                __floatdidf
                0x080006a4                __aeabi_l2d
 .text          0x08000700      0x424 d:/truestudio for arm 7.1.0/armtools/bin/../lib/gcc/arm-atollic-eabi/5.3.1/armv7e-m/fpu\libgcc.a(_arm_muldivdf3.o)
                0x08000700                __aeabi_dmul
                0x08000700                __muldf3
                0x08000954                __divdf3
                0x08000954                __aeabi_ddiv
 .text          0x08000b24      0x110 d:/truestudio for arm 7.1.0/armtools/bin/../lib/gcc/arm-atollic-eabi/5.3.1/armv7e-m/fpu\libgcc.a(_arm_cmpdf2.o)
                0x08000b24                __gtdf2
                0x08000b24                __gedf2
                0x08000b2c                __ltdf2
                0x08000b2c                __ledf2
                0x08000b34                __nedf2
                0x08000b34                __eqdf2
                0x08000b34                __cmpdf2
                0x08000bb0                __aeabi_cdrcmple
                0x08000bc0                __aeabi_cdcmpeq
                0x08000bc0                __aeabi_cdcmple
                0x08000bd0                __aeabi_dcmpeq
                0x08000be4                __aeabi_dcmplt
                0x08000bf8                __aeabi_dcmple
                0x08000c0c                __aeabi_dcmpge
                0x08000c20                __aeabi_dcmpgt
 .text          0x08000c34       0x2c d:/truestudio for arm 7.1.0/armtools/bin/../lib/gcc/arm-atollic-eabi/5.3.1/armv7e-m/fpu\libgcc.a(_arm_unorddf2.o)
                0x08000c34                __unorddf2
                0x08000c34                __aeabi_dcmpun
 .text          0x08000c60       0x50 d:/truestudio for arm 7.1.0/armtools/bin/../lib/gcc/arm-atollic-eabi/5.3.1/armv7e-m/fpu\libgcc.a(_arm_fixdfsi.o)
                0x08000c60                __aeabi_d2iz
                0x08000c60                __fixdfsi
 .text          0x08000cb0       0x30 d:/truestudio for arm 7.1.0/armtools/bin/../lib/gcc/arm-atollic-eabi/5.3.1/armv7e-m/fpu\libgcc.a(_aeabi_uldivmod.o)
                0x08000cb0                __aeabi_uldivmod
 .text          0x08000ce0      0x2e4 d:/truestudio for arm 7.1.0/armtools/bin/../lib/gcc/arm-atollic-eabi/5.3.1/armv7e-m/fpu\libgcc.a(_udivmoddi4.o)
                0x08000ce0                __udivmoddi4
 .text          0x08000fc4        0x4 d:/truestudio for arm 7.1.0/armtools/bin/../lib/gcc/arm-atollic-eabi/5.3.1/armv7e-m/fpu\libgcc.a(_dvmd_tls.o)
                0x08000fc4                __aeabi_idiv0
                0x08000fc4                __aeabi_ldiv0
 *(.text*)
 .text.StartTask
                0x08000fc8       0xb0 APP\UserApp\app_user_14_StatTask.o
 .text.ProtocolTask
                0x08001078       0xc4 APP\UserApp\app_user_14_StatTask.o
 .text.FloatTask
                0x0800113c       0x9c APP\UserApp\app_user_14_StatTask.o
 .text.LedTask  0x080011d8       0xa4 APP\UserApp\app_user_14_StatTask.o
 .text.main     0x0800127c       0x54 APP\UserApp\app_user_14_StatTask.o
                0x0800127c                main
 .text.HAL_UART_RxCpltCallback
                0x080012d0       0x14 APP\UserApp\app_user_14_StatTask.o
                0x080012d0                HAL_UART_RxCpltCallback
 .text.IntHandlerUSART2
                0x080012e4       0x20 APP\UserApp\app_user_14_StatTask.o
                0x080012e4                IntHandlerUSART2
 .text.App_TaskCreateHook
                0x08001304        0x4 APP\app_hooks.o
                0x08001304                App_TaskCreateHook
 .text.App_TaskDelHook
                0x08001308        0x4 APP\app_hooks.o
                0x08001308                App_TaskDelHook
 .text.App_TaskIdleHook
                0x0800130c        0x4 APP\app_hooks.o
                0x0800130c                App_TaskIdleHook
 .text.App_TaskStatHook
                0x08001310        0x4 APP\app_hooks.o
                0x08001310                App_TaskStatHook
 .text.App_TaskReturnHook
                0x08001314        0x4 APP\app_hooks.o
                0x08001314                App_TaskReturnHook
 .text.App_TaskSwHook
                0x08001318        0x4 APP\app_hooks.o
                0x08001318                App_TaskSwHook
 .text.App_TCBInitHook
                0x0800131c        0x4 APP\app_hooks.o
                0x0800131c                App_TCBInitHook
 .text.App_TimeTickHook
                0x08001320        0x8 APP\app_hooks.o
                0x08001320                App_TimeTickHook
 .text.SystemInit
                0x08001328       0x4c BSP\CMSIS\system_stm32f4xx.o
                0x08001328                SystemInit
 .text.Reset_Handler
                0x08001374       0x74 BSP\TrueSTUDIO\startup.o
                0x08001374                Reset_Handler
 .text.App_NMI_ISR
                0x080013e8        0x2 BSP\TrueSTUDIO\startup.o
 .text.App_Fault_ISR
                0x080013ea        0x2 BSP\TrueSTUDIO\startup.o
 .text.App_MemFault_ISR
                0x080013ec        0x2 BSP\TrueSTUDIO\startup.o
 .text.App_BusFault_ISR
                0x080013ee        0x2 BSP\TrueSTUDIO\startup.o
 .text.App_UsageFault_ISR
                0x080013f0        0x2 BSP\TrueSTUDIO\startup.o
 .text.App_Spurious_ISR
                0x080013f2        0x2 BSP\TrueSTUDIO\startup.o
 .text.HAL_UART_MspInit
                0x080013f4       0x58 BSP\UserBsp\bsp_user.o
                0x080013f4                HAL_UART_MspInit
 .text.UartInit
                0x0800144c       0x2c BSP\UserBsp\bsp_user.o
                0x0800144c                UartInit
 .text.UartSendChar
                0x08001478       0x20 BSP\UserBsp\bsp_user.o
                0x08001478                UartSendChar
 .text.UartSendString
                0x08001498       0x24 BSP\UserBsp\bsp_user.o
                0x08001498                UartSendString
 .text.UserPrint
                0x080014bc       0x24 BSP\UserBsp\bsp_user.o
                0x080014bc                UserPrint
 .text.BSP_Init
                0x080014e0       0xe8 BSP\bsp.o
                0x080014e0                BSP_Init
 .text.BSP_CPU_ClkFreq
                0x080015c8        0x8 BSP\bsp.o
                0x080015c8                BSP_CPU_ClkFreq
 .text.BSP_Tick_Init
                0x080015d0       0x18 BSP\bsp.o
                0x080015d0                BSP_Tick_Init
 .text.HAL_InitTick
                0x080015e8       0x1c BSP\bsp.o
                0x080015e8                HAL_InitTick
 .text.BSP_LED_Off
                0x08001604       0x5c BSP\bsp.o
                0x08001604                BSP_LED_Off
 .text.BSP_LED_Toggle
                0x08001660       0x50 BSP\bsp.o
                0x08001660                BSP_LED_Toggle
 .text.BSP_IntHandlerDummy
                0x080016b0        0x4 BSP\bsp_int.o
 .text.BSP_IntHandler
                0x080016b4       0x34 BSP\bsp_int.o
 .text.BSP_IntDisAll
                0x080016e8        0x8 BSP\bsp_int.o
                0x080016e8                BSP_IntDisAll
 .text.BSP_IntVectSet
                0x080016f0       0x2c BSP\bsp_int.o
                0x080016f0                BSP_IntVectSet
 .text.BSP_IntInit
                0x0800171c       0x1c BSP\bsp_int.o
                0x0800171c                BSP_IntInit
 .text.BSP_IntHandlerWWDG
                0x08001738        0xc BSP\bsp_int.o
                0x08001738                BSP_IntHandlerWWDG
 .text.BSP_IntHandlerPVD
                0x08001744        0xc BSP\bsp_int.o
                0x08001744                BSP_IntHandlerPVD
 .text.BSP_IntHandlerTAMP_STAMP
                0x08001750        0xc BSP\bsp_int.o
                0x08001750                BSP_IntHandlerTAMP_STAMP
 .text.BSP_IntHandlerRTC_WKUP
                0x0800175c        0xc BSP\bsp_int.o
                0x0800175c                BSP_IntHandlerRTC_WKUP
 .text.BSP_IntHandlerFLASH
                0x08001768        0xc BSP\bsp_int.o
                0x08001768                BSP_IntHandlerFLASH
 .text.BSP_IntHandlerRCC
                0x08001774        0xc BSP\bsp_int.o
                0x08001774                BSP_IntHandlerRCC
 .text.BSP_IntHandlerEXTI0
                0x08001780        0xc BSP\bsp_int.o
                0x08001780                BSP_IntHandlerEXTI0
 .text.BSP_IntHandlerEXTI1
                0x0800178c        0xc BSP\bsp_int.o
                0x0800178c                BSP_IntHandlerEXTI1
 .text.BSP_IntHandlerEXTI2
                0x08001798        0xc BSP\bsp_int.o
                0x08001798                BSP_IntHandlerEXTI2
 .text.BSP_IntHandlerEXTI3
                0x080017a4        0xc BSP\bsp_int.o
                0x080017a4                BSP_IntHandlerEXTI3
 .text.BSP_IntHandlerEXTI4
                0x080017b0        0xc BSP\bsp_int.o
                0x080017b0                BSP_IntHandlerEXTI4
 .text.BSP_IntHandlerDMA1_CH0
                0x080017bc        0xc BSP\bsp_int.o
                0x080017bc                BSP_IntHandlerDMA1_CH0
 .text.BSP_IntHandlerDMA1_CH1
                0x080017c8        0xc BSP\bsp_int.o
                0x080017c8                BSP_IntHandlerDMA1_CH1
 .text.BSP_IntHandlerDMA1_CH2
                0x080017d4        0xc BSP\bsp_int.o
                0x080017d4                BSP_IntHandlerDMA1_CH2
 .text.BSP_IntHandlerDMA1_CH3
                0x080017e0        0xc BSP\bsp_int.o
                0x080017e0                BSP_IntHandlerDMA1_CH3
 .text.BSP_IntHandlerDMA1_CH4
                0x080017ec        0xc BSP\bsp_int.o
                0x080017ec                BSP_IntHandlerDMA1_CH4
 .text.BSP_IntHandlerDMA1_CH5
                0x080017f8        0xc BSP\bsp_int.o
                0x080017f8                BSP_IntHandlerDMA1_CH5
 .text.BSP_IntHandlerDMA1_CH6
                0x08001804        0xc BSP\bsp_int.o
                0x08001804                BSP_IntHandlerDMA1_CH6
 .text.BSP_IntHandlerADC
                0x08001810        0xc BSP\bsp_int.o
                0x08001810                BSP_IntHandlerADC
 .text.BSP_IntHandlerCAN1_TX
                0x0800181c        0xc BSP\bsp_int.o
                0x0800181c                BSP_IntHandlerCAN1_TX
 .text.BSP_IntHandlerCAN1_RX0
                0x08001828        0xc BSP\bsp_int.o
                0x08001828                BSP_IntHandlerCAN1_RX0
 .text.BSP_IntHandlerCAN1_RX1
                0x08001834        0xc BSP\bsp_int.o
                0x08001834                BSP_IntHandlerCAN1_RX1
 .text.BSP_IntHandlerCAN1_SCE
                0x08001840        0xc BSP\bsp_int.o
                0x08001840                BSP_IntHandlerCAN1_SCE
 .text.BSP_IntHandlerEXTI9_5
                0x0800184c        0xc BSP\bsp_int.o
                0x0800184c                BSP_IntHandlerEXTI9_5
 .text.BSP_IntHandlerTIM1_BRK_TIM9
                0x08001858        0xc BSP\bsp_int.o
                0x08001858                BSP_IntHandlerTIM1_BRK_TIM9
 .text.BSP_IntHandlerTIM1_UP_TIM10
                0x08001864        0xc BSP\bsp_int.o
                0x08001864                BSP_IntHandlerTIM1_UP_TIM10
 .text.BSP_IntHandlerTIM1_TRG_COM_TIM11
                0x08001870        0xc BSP\bsp_int.o
                0x08001870                BSP_IntHandlerTIM1_TRG_COM_TIM11
 .text.BSP_IntHandlerTIM1_CC
                0x0800187c        0xc BSP\bsp_int.o
                0x0800187c                BSP_IntHandlerTIM1_CC
 .text.BSP_IntHandlerTIM2
                0x08001888        0xc BSP\bsp_int.o
                0x08001888                BSP_IntHandlerTIM2
 .text.BSP_IntHandlerTIM3
                0x08001894        0xc BSP\bsp_int.o
                0x08001894                BSP_IntHandlerTIM3
 .text.BSP_IntHandlerTIM4
                0x080018a0        0xc BSP\bsp_int.o
                0x080018a0                BSP_IntHandlerTIM4
 .text.BSP_IntHandlerI2C1_EV
                0x080018ac        0xc BSP\bsp_int.o
                0x080018ac                BSP_IntHandlerI2C1_EV
 .text.BSP_IntHandlerI2C1_ER
                0x080018b8        0xc BSP\bsp_int.o
                0x080018b8                BSP_IntHandlerI2C1_ER
 .text.BSP_IntHandlerI2C2_EV
                0x080018c4        0xc BSP\bsp_int.o
                0x080018c4                BSP_IntHandlerI2C2_EV
 .text.BSP_IntHandlerI2C2_ER
                0x080018d0        0xc BSP\bsp_int.o
                0x080018d0                BSP_IntHandlerI2C2_ER
 .text.BSP_IntHandlerSPI1
                0x080018dc        0xc BSP\bsp_int.o
                0x080018dc                BSP_IntHandlerSPI1
 .text.BSP_IntHandlerSPI2
                0x080018e8        0xc BSP\bsp_int.o
                0x080018e8                BSP_IntHandlerSPI2
 .text.BSP_IntHandlerUSART1
                0x080018f4        0xc BSP\bsp_int.o
                0x080018f4                BSP_IntHandlerUSART1
 .text.BSP_IntHandlerUSART3
                0x08001900        0xc BSP\bsp_int.o
                0x08001900                BSP_IntHandlerUSART3
 .text.BSP_IntHandlerEXTI15_10
                0x0800190c        0xc BSP\bsp_int.o
                0x0800190c                BSP_IntHandlerEXTI15_10
 .text.BSP_IntHandlerRTCAlarm
                0x08001918        0xc BSP\bsp_int.o
                0x08001918                BSP_IntHandlerRTCAlarm
 .text.BSP_IntHandlerOTG_FS_WKUP
                0x08001924        0xc BSP\bsp_int.o
                0x08001924                BSP_IntHandlerOTG_FS_WKUP
 .text.BSP_IntHandlerTIM8_BRK_TIM12
                0x08001930        0xc BSP\bsp_int.o
                0x08001930                BSP_IntHandlerTIM8_BRK_TIM12
 .text.BSP_IntHandlerTIM8_UP_TIM13
                0x0800193c        0xc BSP\bsp_int.o
                0x0800193c                BSP_IntHandlerTIM8_UP_TIM13
 .text.BSP_IntHandlerTIM8_TRG_COM_TIM14
                0x08001948        0xc BSP\bsp_int.o
                0x08001948                BSP_IntHandlerTIM8_TRG_COM_TIM14
 .text.BSP_IntHandlerTIM8_CC
                0x08001954        0xc BSP\bsp_int.o
                0x08001954                BSP_IntHandlerTIM8_CC
 .text.BSP_IntHandlerDMA1_STREAM7
                0x08001960        0xc BSP\bsp_int.o
                0x08001960                BSP_IntHandlerDMA1_STREAM7
 .text.BSP_IntHandlerFSMC
                0x0800196c        0xc BSP\bsp_int.o
                0x0800196c                BSP_IntHandlerFSMC
 .text.BSP_IntHandlerSDIO
                0x08001978        0xc BSP\bsp_int.o
                0x08001978                BSP_IntHandlerSDIO
 .text.BSP_IntHandlerTIM5
                0x08001984        0xc BSP\bsp_int.o
                0x08001984                BSP_IntHandlerTIM5
 .text.BSP_IntHandlerSPI3
                0x08001990        0xc BSP\bsp_int.o
                0x08001990                BSP_IntHandlerSPI3
 .text.BSP_IntHandlerUSART4
                0x0800199c        0xc BSP\bsp_int.o
                0x0800199c                BSP_IntHandlerUSART4
 .text.BSP_IntHandlerUSART5
                0x080019a8        0xc BSP\bsp_int.o
                0x080019a8                BSP_IntHandlerUSART5
 .text.BSP_IntHandlerTIM6_DAC
                0x080019b4        0xc BSP\bsp_int.o
                0x080019b4                BSP_IntHandlerTIM6_DAC
 .text.BSP_IntHandlerTIM7
                0x080019c0        0xc BSP\bsp_int.o
                0x080019c0                BSP_IntHandlerTIM7
 .text.BSP_IntHandlerDMA2_CH0
                0x080019cc        0xc BSP\bsp_int.o
                0x080019cc                BSP_IntHandlerDMA2_CH0
 .text.BSP_IntHandlerDMA2_CH1
                0x080019d8        0xc BSP\bsp_int.o
                0x080019d8                BSP_IntHandlerDMA2_CH1
 .text.BSP_IntHandlerDMA2_CH2
                0x080019e4        0xc BSP\bsp_int.o
                0x080019e4                BSP_IntHandlerDMA2_CH2
 .text.BSP_IntHandlerDMA2_CH3
                0x080019f0        0xc BSP\bsp_int.o
                0x080019f0                BSP_IntHandlerDMA2_CH3
 .text.BSP_IntHandlerDMA2_CH4
                0x080019fc        0xc BSP\bsp_int.o
                0x080019fc                BSP_IntHandlerDMA2_CH4
 .text.BSP_IntHandlerETH
                0x08001a08        0xc BSP\bsp_int.o
                0x08001a08                BSP_IntHandlerETH
 .text.BSP_IntHandlerETHWakeup
                0x08001a14        0xc BSP\bsp_int.o
                0x08001a14                BSP_IntHandlerETHWakeup
 .text.BSP_IntHandlerCAN2_TX
                0x08001a20        0xc BSP\bsp_int.o
                0x08001a20                BSP_IntHandlerCAN2_TX
 .text.BSP_IntHandlerCAN2_RX0
                0x08001a2c        0xc BSP\bsp_int.o
                0x08001a2c                BSP_IntHandlerCAN2_RX0
 .text.BSP_IntHandlerCAN2_RX1
                0x08001a38        0xc BSP\bsp_int.o
                0x08001a38                BSP_IntHandlerCAN2_RX1
 .text.BSP_IntHandlerCAN2_SCE
                0x08001a44        0xc BSP\bsp_int.o
                0x08001a44                BSP_IntHandlerCAN2_SCE
 .text.BSP_IntHandlerOTG_FS
                0x08001a50        0xc BSP\bsp_int.o
                0x08001a50                BSP_IntHandlerOTG_FS
 .text.BSP_IntHandlerDMA2_CH5
                0x08001a5c        0xc BSP\bsp_int.o
                0x08001a5c                BSP_IntHandlerDMA2_CH5
 .text.BSP_IntHandlerDMA2_CH6
                0x08001a68        0xc BSP\bsp_int.o
                0x08001a68                BSP_IntHandlerDMA2_CH6
 .text.BSP_IntHandlerDMA2_CH7
                0x08001a74        0xc BSP\bsp_int.o
                0x08001a74                BSP_IntHandlerDMA2_CH7
 .text.BSP_IntHandlerUSART6
                0x08001a80        0xc BSP\bsp_int.o
                0x08001a80                BSP_IntHandlerUSART6
 .text.BSP_IntHandlerI2C3_EV
                0x08001a8c        0xc BSP\bsp_int.o
                0x08001a8c                BSP_IntHandlerI2C3_EV
 .text.BSP_IntHandlerI2C3_ER
                0x08001a98        0xc BSP\bsp_int.o
                0x08001a98                BSP_IntHandlerI2C3_ER
 .text.BSP_IntHandlerOTG_HS_EP1_OUT
                0x08001aa4        0xc BSP\bsp_int.o
                0x08001aa4                BSP_IntHandlerOTG_HS_EP1_OUT
 .text.BSP_IntHandlerOTG_HS_EP1_IN
                0x08001ab0        0xc BSP\bsp_int.o
                0x08001ab0                BSP_IntHandlerOTG_HS_EP1_IN
 .text.BSP_IntHandlerOTG_HS_WKUP
                0x08001abc        0xc BSP\bsp_int.o
                0x08001abc                BSP_IntHandlerOTG_HS_WKUP
 .text.BSP_IntHandlerOTG_HS
                0x08001ac8        0xc BSP\bsp_int.o
                0x08001ac8                BSP_IntHandlerOTG_HS
 .text.BSP_IntHandlerDCMI
                0x08001ad4        0xc BSP\bsp_int.o
                0x08001ad4                BSP_IntHandlerDCMI
 .text.BSP_IntHandlerCRYP
                0x08001ae0        0xc BSP\bsp_int.o
                0x08001ae0                BSP_IntHandlerCRYP
 .text.BSP_IntHandlerHASH_RNG
                0x08001aec        0xc BSP\bsp_int.o
                0x08001aec                BSP_IntHandlerHASH_RNG
 .text.BSP_IntHandlerFPU
                0x08001af8        0xc BSP\bsp_int.o
                0x08001af8                BSP_IntHandlerFPU
 .text.BSP_PeriphEn
                0x08001b04      0x104 BSP\bsp_periph.o
                0x08001b04                BSP_PeriphEn
 .text.CPU_TS_TmrInit
                0x08001c08       0x34 BSP\cpu_bsp.o
                0x08001c08                CPU_TS_TmrInit
 .text.CPU_TS_TmrRd
                0x08001c3c        0xc BSP\cpu_bsp.o
                0x08001c3c                CPU_TS_TmrRd
 .text.HAL_Init
                0x08001c48       0x34 STM32CubeF4\Drivers\STM32F4xx_HAL_Driver\Src\stm32f4xx_hal.o
                0x08001c48                HAL_Init
 .text.HAL_IncTick
                0x08001c7c       0x10 STM32CubeF4\Drivers\STM32F4xx_HAL_Driver\Src\stm32f4xx_hal.o
                0x08001c7c                HAL_IncTick
 .text.HAL_GetTick
                0x08001c8c        0xc STM32CubeF4\Drivers\STM32F4xx_HAL_Driver\Src\stm32f4xx_hal.o
                0x08001c8c                HAL_GetTick
 .text.HAL_GetREVID
                0x08001c98        0xc STM32CubeF4\Drivers\STM32F4xx_HAL_Driver\Src\stm32f4xx_hal.o
                0x08001c98                HAL_GetREVID
 .text.HAL_NVIC_SetPriorityGrouping
                0x08001ca4       0x24 STM32CubeF4\Drivers\STM32F4xx_HAL_Driver\Src\stm32f4xx_hal_cortex.o
                0x08001ca4                HAL_NVIC_SetPriorityGrouping
 .text.HAL_NVIC_SetPriority
                0x08001cc8       0x64 STM32CubeF4\Drivers\STM32F4xx_HAL_Driver\Src\stm32f4xx_hal_cortex.o
                0x08001cc8                HAL_NVIC_SetPriority
 .text.HAL_NVIC_EnableIRQ
                0x08001d2c       0x18 STM32CubeF4\Drivers\STM32F4xx_HAL_Driver\Src\stm32f4xx_hal_cortex.o
                0x08001d2c                HAL_NVIC_EnableIRQ
 .text.HAL_GPIO_Init
                0x08001d44      0x1e4 STM32CubeF4\Drivers\STM32F4xx_HAL_Driver\Src\stm32f4xx_hal_gpio.o
                0x08001d44                HAL_GPIO_Init
 .text.HAL_GPIO_WritePin
                0x08001f28        0xc STM32CubeF4\Drivers\STM32F4xx_HAL_Driver\Src\stm32f4xx_hal_gpio.o
                0x08001f28                HAL_GPIO_WritePin
 .text.HAL_GPIO_TogglePin
                0x08001f34        0x8 STM32CubeF4\Drivers\STM32F4xx_HAL_Driver\Src\stm32f4xx_hal_gpio.o
                0x08001f34                HAL_GPIO_TogglePin
 .text.HAL_MspInit
                0x08001f3c        0x4 STM32CubeF4\Drivers\STM32F4xx_HAL_Driver\Src\stm32f4xx_hal_msp_template.o
                0x08001f3c                HAL_MspInit
 .text.HAL_RCC_DeInit
                0x08001f40       0x4c STM32CubeF4\Drivers\STM32F4xx_HAL_Driver\Src\stm32f4xx_hal_rcc.o
                0x08001f40                HAL_RCC_DeInit
 .text.HAL_RCC_OscConfig
                0x08001f8c      0x3d8 STM32CubeF4\Drivers\STM32F4xx_HAL_Driver\Src\stm32f4xx_hal_rcc.o
                0x08001f8c                HAL_RCC_OscConfig
 .text.HAL_RCC_ClockConfig
                0x08002364      0x294 STM32CubeF4\Drivers\STM32F4xx_HAL_Driver\Src\stm32f4xx_hal_rcc.o
                0x08002364                HAL_RCC_ClockConfig
 .text.HAL_RCC_GetSysClockFreq
                0x080025f8       0x80 STM32CubeF4\Drivers\STM32F4xx_HAL_Driver\Src\stm32f4xx_hal_rcc.o
                0x080025f8                HAL_RCC_GetSysClockFreq
 .text.HAL_RCC_GetHCLKFreq
                0x08002678       0x38 STM32CubeF4\Drivers\STM32F4xx_HAL_Driver\Src\stm32f4xx_hal_rcc.o
                0x08002678                HAL_RCC_GetHCLKFreq
 .text.HAL_RCC_GetPCLK1Freq
                0x080026b0       0x30 STM32CubeF4\Drivers\STM32F4xx_HAL_Driver\Src\stm32f4xx_hal_rcc.o
                0x080026b0                HAL_RCC_GetPCLK1Freq
 .text.HAL_RCC_GetPCLK2Freq
                0x080026e0       0x30 STM32CubeF4\Drivers\STM32F4xx_HAL_Driver\Src\stm32f4xx_hal_rcc.o
                0x080026e0                HAL_RCC_GetPCLK2Freq
 .text.UART_SetConfig
                0x08002710      0x210 STM32CubeF4\Drivers\STM32F4xx_HAL_Driver\Src\stm32f4xx_hal_uart.o
 .text.UART_WaitOnFlagUntilTimeout
                0x08002920       0xd4 STM32CubeF4\Drivers\STM32F4xx_HAL_Driver\Src\stm32f4xx_hal_uart.o
 .text.HAL_UART_Init
                0x080029f4       0x60 STM32CubeF4\Drivers\STM32F4xx_HAL_Driver\Src\stm32f4xx_hal_uart.o
                0x080029f4                HAL_UART_Init
 .text.HAL_UART_Transmit
                0x08002a54       0xe4 STM32CubeF4\Drivers\STM32F4xx_HAL_Driver\Src\stm32f4xx_hal_uart.o
                0x08002a54                HAL_UART_Transmit
 .text.HAL_UART_Receive_IT
                0x08002b38       0x78 STM32CubeF4\Drivers\STM32F4xx_HAL_Driver\Src\stm32f4xx_hal_uart.o
                0x08002b38                HAL_UART_Receive_IT
 .text.HAL_UART_TxCpltCallback
                0x08002bb0        0x4 STM32CubeF4\Drivers\STM32F4xx_HAL_Driver\Src\stm32f4xx_hal_uart.o
                0x08002bb0                HAL_UART_TxCpltCallback
 .text.HAL_UART_ErrorCallback
                0x08002bb4        0x4 STM32CubeF4\Drivers\STM32F4xx_HAL_Driver\Src\stm32f4xx_hal_uart.o
                0x08002bb4                HAL_UART_ErrorCallback
 .text.HAL_UART_IRQHandler
                0x08002bb8      0x208 STM32CubeF4\Drivers\STM32F4xx_HAL_Driver\Src\stm32f4xx_hal_uart.o
                0x08002bb8                HAL_UART_IRQHandler
 .text.CPU_SW_Exception
                0x08002dc0        0x4 uC-CPU\cpu_core.o
                0x08002dc0                CPU_SW_Exception
 .text.CPU_TS_TmrFreqSet
                0x08002dc4        0xc uC-CPU\cpu_core.o
                0x08002dc4                CPU_TS_TmrFreqSet
 .text.CPU_IntDisMeasMaxCurGet
                0x08002dd0       0x24 uC-CPU\cpu_core.o
                0x08002dd0                CPU_IntDisMeasMaxCurGet
 .text.CPU_IntDisMeasMaxCurReset
                0x08002df4       0x20 uC-CPU\cpu_core.o
                0x08002df4                CPU_IntDisMeasMaxCurReset
 .text.CPU_IntDisMeasStart
                0x08002e14       0x30 uC-CPU\cpu_core.o
                0x08002e14                CPU_IntDisMeasStart
 .text.CPU_IntDisMeasStop
                0x08002e44       0x4c uC-CPU\cpu_core.o
                0x08002e44                CPU_IntDisMeasStop
 .text.CPU_NameClr
                0x08002e90       0x24 uC-CPU\cpu_core.o
                0x08002e90                CPU_NameClr
 .text.CPU_Init
                0x08002eb4       0x70 uC-CPU\cpu_core.o
                0x08002eb4                CPU_Init
 .text.Mem_Set  0x08002f24       0x60 uC-LIB\lib_mem.o
                0x08002f24                Mem_Set
 .text.Mem_Clr  0x08002f84        0xc uC-LIB\lib_mem.o
                0x08002f84                Mem_Clr
 .text.Mem_SegCreate
                0x08002f90       0x40 uC-LIB\lib_mem.o
                0x08002f90                Mem_SegCreate
 .text.Mem_Init
                0x08002fd0       0x48 uC-LIB\lib_mem.o
                0x08002fd0                Mem_Init
 .text.OSInitHookBegin
                0x08003018       0x34 uCOS-II\Ports\ARM-Cortex-M4\Generic\GNU\os_cpu_c.o
                0x08003018                OSInitHookBegin
 .text.OSInitHookEnd
                0x0800304c        0x4 uCOS-II\Ports\ARM-Cortex-M4\Generic\GNU\os_cpu_c.o
                0x0800304c                OSInitHookEnd
 .text.OSTaskCreateHook
                0x08003050        0x8 uCOS-II\Ports\ARM-Cortex-M4\Generic\GNU\os_cpu_c.o
                0x08003050                OSTaskCreateHook
 .text.OSTaskDelHook
                0x08003058        0x8 uCOS-II\Ports\ARM-Cortex-M4\Generic\GNU\os_cpu_c.o
                0x08003058                OSTaskDelHook
 .text.OSTaskIdleHook
                0x08003060        0x8 uCOS-II\Ports\ARM-Cortex-M4\Generic\GNU\os_cpu_c.o
                0x08003060                OSTaskIdleHook
 .text.OSTaskReturnHook
                0x08003068        0x8 uCOS-II\Ports\ARM-Cortex-M4\Generic\GNU\os_cpu_c.o
                0x08003068                OSTaskReturnHook
 .text.OSTaskStatHook
                0x08003070        0x8 uCOS-II\Ports\ARM-Cortex-M4\Generic\GNU\os_cpu_c.o
                0x08003070                OSTaskStatHook
 .text.OSTaskStkInit
                0x08003078      0x1a4 uCOS-II\Ports\ARM-Cortex-M4\Generic\GNU\os_cpu_c.o
                0x08003078                OSTaskStkInit
 .text.OSTaskSwHook
                0x0800321c       0x38 uCOS-II\Ports\ARM-Cortex-M4\Generic\GNU\os_cpu_c.o
                0x0800321c                OSTaskSwHook
 .text.OSTCBInitHook
                0x08003254        0x8 uCOS-II\Ports\ARM-Cortex-M4\Generic\GNU\os_cpu_c.o
                0x08003254                OSTCBInitHook
 .text.OSTimeTickHook
                0x0800325c       0x28 uCOS-II\Ports\ARM-Cortex-M4\Generic\GNU\os_cpu_c.o
                0x0800325c                OSTimeTickHook
 .text.OS_CPU_SysTickHandler
                0x08003284       0x20 uCOS-II\Ports\ARM-Cortex-M4\Generic\GNU\os_cpu_c.o
                0x08003284                OS_CPU_SysTickHandler
 .text.OS_CPU_SysTickInit
                0x080032a4       0x30 uCOS-II\Ports\ARM-Cortex-M4\Generic\GNU\os_cpu_c.o
                0x080032a4                OS_CPU_SysTickInit
 .text.OSDebugInit
                0x080032d4        0x4 uCOS-II\Ports\ARM-Cortex-M4\Generic\GNU\os_dbg.o
                0x080032d4                OSDebugInit
 .text.OS_SchedNew
                0x080032d8       0x28 uCOS-II\Source\os_core.o
 .text.OS_TaskIdle
                0x08003300       0x1c uCOS-II\Source\os_core.o
                0x08003300                OS_TaskIdle
 .text.OSEventNameSet
                0x0800331c       0x38 uCOS-II\Source\os_core.o
                0x0800331c                OSEventNameSet
 .text.OSIntEnter
                0x08003354       0x20 uCOS-II\Source\os_core.o
                0x08003354                OSIntEnter
 .text.OSIntExit
                0x08003374       0x7c uCOS-II\Source\os_core.o
                0x08003374                OSIntExit
 .text.OSSchedLock
                0x080033f0       0x34 uCOS-II\Source\os_core.o
                0x080033f0                OSSchedLock
 .text.OSStart  0x08003424       0x40 uCOS-II\Source\os_core.o
                0x08003424                OSStart
 .text.OSStatInit
                0x08003464       0x40 uCOS-II\Source\os_core.o
                0x08003464                OSStatInit
 .text.OSTimeTick
                0x080034a4       0xbc uCOS-II\Source\os_core.o
                0x080034a4                OSTimeTick
 .text.OS_Dummy
                0x08003560        0x4 uCOS-II\Source\os_core.o
                0x08003560                OS_Dummy
 .text.OS_EventTaskWait
                0x08003564       0x58 uCOS-II\Source\os_core.o
                0x08003564                OS_EventTaskWait
 .text.OS_EventTaskRemove
                0x080035bc       0x2c uCOS-II\Source\os_core.o
                0x080035bc                OS_EventTaskRemove
 .text.OS_EventTaskRemoveMulti
                0x080035e8       0x34 uCOS-II\Source\os_core.o
                0x080035e8                OS_EventTaskRemoveMulti
 .text.OS_EventTaskRdy
                0x0800361c       0x78 uCOS-II\Source\os_core.o
                0x0800361c                OS_EventTaskRdy
 .text.OS_EventWaitListInit
                0x08003694       0x14 uCOS-II\Source\os_core.o
                0x08003694                OS_EventWaitListInit
 .text.OS_MemClr
                0x080036a8       0x18 uCOS-II\Source\os_core.o
                0x080036a8                OS_MemClr
 .text.OSInit   0x080036c0      0x1cc uCOS-II\Source\os_core.o
                0x080036c0                OSInit
 .text.OS_MemCopy
                0x0800388c       0x20 uCOS-II\Source\os_core.o
                0x0800388c                OS_MemCopy
 .text.OS_Sched
                0x080038ac       0x64 uCOS-II\Source\os_core.o
                0x080038ac                OS_Sched
 .text.OSSchedUnlock
                0x08003910       0x4c uCOS-II\Source\os_core.o
                0x08003910                OSSchedUnlock
 .text.OS_TaskStatStkChk
                0x0800395c       0x38 uCOS-II\Source\os_core.o
                0x0800395c                OS_TaskStatStkChk
 .text.OS_TaskStat
                0x08003994       0x98 uCOS-II\Source\os_core.o
                0x08003994                OS_TaskStat
 .text.OS_TCBInit
                0x08003a2c      0x104 uCOS-II\Source\os_core.o
                0x08003a2c                OS_TCBInit
 .text.OS_FlagInit
                0x08003b30       0x4c uCOS-II\Source\os_flag.o
                0x08003b30                OS_FlagInit
 .text.OS_FlagUnlink
                0x08003b7c       0x20 uCOS-II\Source\os_flag.o
                0x08003b7c                OS_FlagUnlink
 .text.OS_MemInit
                0x08003b9c       0x48 uCOS-II\Source\os_mem.o
                0x08003b9c                OS_MemInit
 .text.OS_QInit
                0x08003be4       0x30 uCOS-II\Source\os_q.o
                0x08003be4                OS_QInit
 .text.OSSemCreate
                0x08003c14       0x4c uCOS-II\Source\os_sem.o
                0x08003c14                OSSemCreate
 .text.OSSemPend
                0x08003c60       0xc8 uCOS-II\Source\os_sem.o
                0x08003c60                OSSemPend
 .text.OSSemPost
                0x08003d28       0x50 uCOS-II\Source\os_sem.o
                0x08003d28                OSSemPost
 .text.OSTaskDel
                0x08003d78      0x140 uCOS-II\Source\os_task.o
                0x08003d78                OSTaskDel
 .text.OSTaskNameSet
                0x08003eb8       0x5c uCOS-II\Source\os_task.o
                0x08003eb8                OSTaskNameSet
 .text.OSTaskResume
                0x08003f14       0x98 uCOS-II\Source\os_task.o
                0x08003f14                OSTaskResume
 .text.OSTaskStkChk
                0x08003fac       0x78 uCOS-II\Source\os_task.o
                0x08003fac                OSTaskStkChk
 .text.OSTaskSuspend
                0x08004024       0x94 uCOS-II\Source\os_task.o
                0x08004024                OSTaskSuspend
 .text.OSTaskQuery
                0x080040b8       0x54 uCOS-II\Source\os_task.o
                0x080040b8                OSTaskQuery
 .text.OS_TaskReturn
                0x0800410c       0x18 uCOS-II\Source\os_task.o
                0x0800410c                OS_TaskReturn
 .text.OS_TaskStkClr
                0x08004124       0x18 uCOS-II\Source\os_task.o
                0x08004124                OS_TaskStkClr
 .text.OSTaskCreateExt
                0x0800413c       0xa8 uCOS-II\Source\os_task.o
                0x0800413c                OSTaskCreateExt
 .text.OSTimeDly
                0x080041e4       0x60 uCOS-II\Source\os_time.o
                0x080041e4                OSTimeDly
 .text.OSTimeDlyHMSM
                0x08004244       0x50 uCOS-II\Source\os_time.o
                0x08004244                OSTimeDlyHMSM
 .text.OSTmr_Link
                0x08004294       0x88 uCOS-II\Source\os_tmr.o
 .text.OSTmr_Unlink
                0x0800431c       0x64 uCOS-II\Source\os_tmr.o
 .text.OSTmr_Task
                0x08004380       0x94 uCOS-II\Source\os_tmr.o
 .text.OSTmrSignal
                0x08004414       0x10 uCOS-II\Source\os_tmr.o
                0x08004414                OSTmrSignal
 .text.OSTmr_Init
                0x08004424      0x100 uCOS-II\Source\os_tmr.o
                0x08004424                OSTmr_Init
 .text.memset   0x08004524       0x10 d:/truestudio for arm 7.1.0/armtools/bin/../lib/gcc/arm-atollic-eabi/5.3.1/../../../../arm-atollic-eabi/lib/armv7e-m/fpu\libc.a(lib_a-memset.o)
                0x08004524                memset
 *fill*         0x08004534        0x4 
 .text._svfprintf_r
                0x08004538      0xf84 d:/truestudio for arm 7.1.0/armtools/bin/../lib/gcc/arm-atollic-eabi/5.3.1/../../../../arm-atollic-eabi/lib/armv7e-m/fpu\libc.a(lib_a-svfprintf.o)
                0x08004538                _svfprintf_r
 .text._vsprintf_r
                0x080054bc       0x30 d:/truestudio for arm 7.1.0/armtools/bin/../lib/gcc/arm-atollic-eabi/5.3.1/../../../../arm-atollic-eabi/lib/armv7e-m/fpu\libc.a(lib_a-vsprintf.o)
                0x080054bc                _vsprintf_r
 .text.vsprintf
                0x080054ec       0x14 d:/truestudio for arm 7.1.0/armtools/bin/../lib/gcc/arm-atollic-eabi/5.3.1/../../../../arm-atollic-eabi/lib/armv7e-m/fpu\libc.a(lib_a-vsprintf.o)
                0x080054ec                vsprintf
 .text.quorem   0x08005500      0x11e d:/truestudio for arm 7.1.0/armtools/bin/../lib/gcc/arm-atollic-eabi/5.3.1/../../../../arm-atollic-eabi/lib/armv7e-m/fpu\libc.a(lib_a-dtoa.o)
 *fill*         0x0800561e        0x2 
 .text._dtoa_r  0x08005620      0xb40 d:/truestudio for arm 7.1.0/armtools/bin/../lib/gcc/arm-atollic-eabi/5.3.1/../../../../arm-atollic-eabi/lib/armv7e-m/fpu\libc.a(lib_a-dtoa.o)
                0x08005620                _dtoa_r
 .text._localeconv_r
                0x08006160        0x8 d:/truestudio for arm 7.1.0/armtools/bin/../lib/gcc/arm-atollic-eabi/5.3.1/../../../../arm-atollic-eabi/lib/armv7e-m/fpu\libc.a(lib_a-locale.o)
                0x08006160                _localeconv_r
 .text.malloc   0x08006168       0x10 d:/truestudio for arm 7.1.0/armtools/bin/../lib/gcc/arm-atollic-eabi/5.3.1/../../../../arm-atollic-eabi/lib/armv7e-m/fpu\libc.a(lib_a-malloc.o)
                0x08006168                malloc
 .text._malloc_r
                0x08006178      0x440 d:/truestudio for arm 7.1.0/armtools/bin/../lib/gcc/arm-atollic-eabi/5.3.1/../../../../arm-atollic-eabi/lib/armv7e-m/fpu\libc.a(lib_a-mallocr.o)
                0x08006178                _malloc_r
 .text.memcpy   0x080065b8       0x16 d:/truestudio for arm 7.1.0/armtools/bin/../lib/gcc/arm-atollic-eabi/5.3.1/../../../../arm-atollic-eabi/lib/armv7e-m/fpu\libc.a(lib_a-memcpy-stub.o)
                0x080065b8                memcpy
 .text.__malloc_lock
                0x080065ce        0x2 d:/truestudio for arm 7.1.0/armtools/bin/../lib/gcc/arm-atollic-eabi/5.3.1/../../../../arm-atollic-eabi/lib/armv7e-m/fpu\libc.a(lib_a-mlock.o)
                0x080065ce                __malloc_lock
 .text.__malloc_unlock
                0x080065d0        0x2 d:/truestudio for arm 7.1.0/armtools/bin/../lib/gcc/arm-atollic-eabi/5.3.1/../../../../arm-atollic-eabi/lib/armv7e-m/fpu\libc.a(lib_a-mlock.o)
                0x080065d0                __malloc_unlock
 .text._Balloc  0x080065d2       0x6a d:/truestudio for arm 7.1.0/armtools/bin/../lib/gcc/arm-atollic-eabi/5.3.1/../../../../arm-atollic-eabi/lib/armv7e-m/fpu\libc.a(lib_a-mprec.o)
                0x080065d2                _Balloc
 .text._Bfree   0x0800663c       0x2e d:/truestudio for arm 7.1.0/armtools/bin/../lib/gcc/arm-atollic-eabi/5.3.1/../../../../arm-atollic-eabi/lib/armv7e-m/fpu\libc.a(lib_a-mprec.o)
                0x0800663c                _Bfree
 .text.__multadd
                0x0800666a       0x76 d:/truestudio for arm 7.1.0/armtools/bin/../lib/gcc/arm-atollic-eabi/5.3.1/../../../../arm-atollic-eabi/lib/armv7e-m/fpu\libc.a(lib_a-mprec.o)
                0x0800666a                __multadd
 .text.__hi0bits
                0x080066e0       0x40 d:/truestudio for arm 7.1.0/armtools/bin/../lib/gcc/arm-atollic-eabi/5.3.1/../../../../arm-atollic-eabi/lib/armv7e-m/fpu\libc.a(lib_a-mprec.o)
                0x080066e0                __hi0bits
 .text.__lo0bits
                0x08006720       0x5a d:/truestudio for arm 7.1.0/armtools/bin/../lib/gcc/arm-atollic-eabi/5.3.1/../../../../arm-atollic-eabi/lib/armv7e-m/fpu\libc.a(lib_a-mprec.o)
                0x08006720                __lo0bits
 .text.__i2b    0x0800677a       0x12 d:/truestudio for arm 7.1.0/armtools/bin/../lib/gcc/arm-atollic-eabi/5.3.1/../../../../arm-atollic-eabi/lib/armv7e-m/fpu\libc.a(lib_a-mprec.o)
                0x0800677a                __i2b
 .text.__multiply
                0x0800678c      0x122 d:/truestudio for arm 7.1.0/armtools/bin/../lib/gcc/arm-atollic-eabi/5.3.1/../../../../arm-atollic-eabi/lib/armv7e-m/fpu\libc.a(lib_a-mprec.o)
                0x0800678c                __multiply
 *fill*         0x080068ae        0x2 
 .text.__pow5mult
                0x080068b0       0x9c d:/truestudio for arm 7.1.0/armtools/bin/../lib/gcc/arm-atollic-eabi/5.3.1/../../../../arm-atollic-eabi/lib/armv7e-m/fpu\libc.a(lib_a-mprec.o)
                0x080068b0                __pow5mult
 .text.__lshift
                0x0800694c       0xa2 d:/truestudio for arm 7.1.0/armtools/bin/../lib/gcc/arm-atollic-eabi/5.3.1/../../../../arm-atollic-eabi/lib/armv7e-m/fpu\libc.a(lib_a-mprec.o)
                0x0800694c                __lshift
 .text.__mcmp   0x080069ee       0x38 d:/truestudio for arm 7.1.0/armtools/bin/../lib/gcc/arm-atollic-eabi/5.3.1/../../../../arm-atollic-eabi/lib/armv7e-m/fpu\libc.a(lib_a-mprec.o)
                0x080069ee                __mcmp
 .text.__mdiff  0x08006a26       0xbe d:/truestudio for arm 7.1.0/armtools/bin/../lib/gcc/arm-atollic-eabi/5.3.1/../../../../arm-atollic-eabi/lib/armv7e-m/fpu\libc.a(lib_a-mprec.o)
                0x08006a26                __mdiff
 .text.__d2b    0x08006ae4       0x9c d:/truestudio for arm 7.1.0/armtools/bin/../lib/gcc/arm-atollic-eabi/5.3.1/../../../../arm-atollic-eabi/lib/armv7e-m/fpu\libc.a(lib_a-mprec.o)
                0x08006ae4                __d2b
 .text._sbrk_r  0x08006b80       0x20 d:/truestudio for arm 7.1.0/armtools/bin/../lib/gcc/arm-atollic-eabi/5.3.1/../../../../arm-atollic-eabi/lib/armv7e-m/fpu\libc.a(lib_a-sbrkr.o)
                0x08006b80                _sbrk_r
 .text.__ssprint_r
                0x08006ba0       0xfe d:/truestudio for arm 7.1.0/armtools/bin/../lib/gcc/arm-atollic-eabi/5.3.1/../../../../arm-atollic-eabi/lib/armv7e-m/fpu\libc.a(lib_a-svfiprintf.o)
                0x08006ba0                __ssprint_r
 .text._calloc_r
                0x08006c9e       0x5a d:/truestudio for arm 7.1.0/armtools/bin/../lib/gcc/arm-atollic-eabi/5.3.1/../../../../arm-atollic-eabi/lib/armv7e-m/fpu\libc.a(lib_a-callocr.o)
                0x08006c9e                _calloc_r
 .text._malloc_trim_r
                0x08006cf8       0xac d:/truestudio for arm 7.1.0/armtools/bin/../lib/gcc/arm-atollic-eabi/5.3.1/../../../../arm-atollic-eabi/lib/armv7e-m/fpu\libc.a(lib_a-freer.o)
                0x08006cf8                _malloc_trim_r
 .text._free_r  0x08006da4      0x17c d:/truestudio for arm 7.1.0/armtools/bin/../lib/gcc/arm-atollic-eabi/5.3.1/../../../../arm-atollic-eabi/lib/armv7e-m/fpu\libc.a(lib_a-freer.o)
                0x08006da4                _free_r
 .text.memmove  0x08006f20       0x36 d:/truestudio for arm 7.1.0/armtools/bin/../lib/gcc/arm-atollic-eabi/5.3.1/../../../../arm-atollic-eabi/lib/armv7e-m/fpu\libc.a(lib_a-memmove.o)
                0x08006f20                memmove
 *fill*         0x08006f56        0x2 
 .text._realloc_r
                0x08006f58      0x350 d:/truestudio for arm 7.1.0/armtools/bin/../lib/gcc/arm-atollic-eabi/5.3.1/../../../../arm-atollic-eabi/lib/armv7e-m/fpu\libc.a(lib_a-reallocr.o)
                0x08006f58                _realloc_r
 .text._sbrk    0x080072a8       0x1c d:/truestudio for arm 7.1.0/armtools/bin/../lib/gcc/arm-atollic-eabi/5.3.1/../../../../arm-atollic-eabi/lib/armv7e-m/fpu\libnosys.a(sbrk.o)
                0x080072a8                _sbrk
 *(.glue_7)
 .glue_7        0x080072c4        0x0 linker stubs
 *(.glue_7t)
 .glue_7t       0x080072c4        0x0 linker stubs
 *(.eh_frame)
 .eh_frame      0x080072c4        0x0 d:/truestudio for arm 7.1.0/armtools/bin/../lib/gcc/arm-atollic-eabi/5.3.1/armv7e-m/fpu/crtbegin.o
 *(.init)
 .init          0x080072c4        0x4 d:/truestudio for arm 7.1.0/armtools/bin/../lib/gcc/arm-atollic-eabi/5.3.1/armv7e-m/fpu/crti.o
                0x080072c4                _init
 .init          0x080072c8        0x8 d:/truestudio for arm 7.1.0/armtools/bin/../lib/gcc/arm-atollic-eabi/5.3.1/armv7e-m/fpu/crtn.o
 *(.fini)
 .fini          0x080072d0        0x4 d:/truestudio for arm 7.1.0/armtools/bin/../lib/gcc/arm-atollic-eabi/5.3.1/armv7e-m/fpu/crti.o
                0x080072d0                _fini
 .fini          0x080072d4        0x8 d:/truestudio for arm 7.1.0/armtools/bin/../lib/gcc/arm-atollic-eabi/5.3.1/armv7e-m/fpu/crtn.o
                0x080072dc                . = ALIGN (0x4)
                0x080072dc                _etext = .

.vfp11_veneer   0x080072dc        0x0
 .vfp11_veneer  0x080072dc        0x0 linker stubs

.v4_bx          0x080072dc        0x0
 .v4_bx         0x080072dc        0x0 linker stubs

.iplt           0x080072dc        0x0
 .iplt          0x080072dc        0x0 d:/truestudio for arm 7.1.0/armtools/bin/../lib/gcc/arm-atollic-eabi/5.3.1/armv7e-m/fpu/crtbegin.o

.rodata         0x080072e0      0x4ac
                0x080072e0                . = ALIGN (0x4)
 *(.rodata)
 *(.rodata*)
 .rodata.str1.4
                0x080072e0      0x197 APP\UserApp\app_user_14_StatTask.o
 *fill*         0x08007477        0x1 
 .rodata.APBAHBPrescTable
                0x08007478       0x10 STM32CubeF4\Drivers\STM32F4xx_HAL_Driver\Src\stm32f4xx_hal_rcc.o
                0x08007478                APBAHBPrescTable
 .rodata.str1.4
                0x08007488       0x3d uC-LIB\lib_mem.o
 *fill*         0x080074c5        0x3 
 .rodata.OSUnMapTbl
                0x080074c8      0x100 uCOS-II\Source\os_core.o
                0x080074c8                OSUnMapTbl
 .rodata.str1.4
                0x080075c8       0x22 uCOS-II\Source\os_core.o
 .rodata.str1.4
                0x080075ea        0x2 uCOS-II\Source\os_flag.o
 .rodata.str1.4
                0x080075ea        0x2 uCOS-II\Source\os_mem.o
 .rodata.str1.4
                0x080075ea        0x2 uCOS-II\Source\os_sem.o
 .rodata.str1.4
                0x080075ea        0x2 uCOS-II\Source\os_task.o
 *fill*         0x080075ea        0x2 
 .rodata.str1.4
                0x080075ec       0x38 uCOS-II\Source\os_tmr.o
                                 0x39 (size before relaxing)
 .rodata.zeroes.7045
                0x08007624       0x10 d:/truestudio for arm 7.1.0/armtools/bin/../lib/gcc/arm-atollic-eabi/5.3.1/../../../../arm-atollic-eabi/lib/armv7e-m/fpu\libc.a(lib_a-svfprintf.o)
 .rodata.str1.1
                0x08007634       0x34 d:/truestudio for arm 7.1.0/armtools/bin/../lib/gcc/arm-atollic-eabi/5.3.1/../../../../arm-atollic-eabi/lib/armv7e-m/fpu\libc.a(lib_a-svfprintf.o)
 .rodata.blanks.7044
                0x08007668       0x10 d:/truestudio for arm 7.1.0/armtools/bin/../lib/gcc/arm-atollic-eabi/5.3.1/../../../../arm-atollic-eabi/lib/armv7e-m/fpu\libc.a(lib_a-svfprintf.o)
 .rodata.str1.1
                0x08007678        0xd d:/truestudio for arm 7.1.0/armtools/bin/../lib/gcc/arm-atollic-eabi/5.3.1/../../../../arm-atollic-eabi/lib/armv7e-m/fpu\libc.a(lib_a-dtoa.o)
                                  0xf (size before relaxing)
 .rodata.str1.1
                0x08007685        0x2 d:/truestudio for arm 7.1.0/armtools/bin/../lib/gcc/arm-atollic-eabi/5.3.1/../../../../arm-atollic-eabi/lib/armv7e-m/fpu\libc.a(lib_a-impure.o)
 .rodata.str1.1
                0x08007687        0x8 d:/truestudio for arm 7.1.0/armtools/bin/../lib/gcc/arm-atollic-eabi/5.3.1/../../../../arm-atollic-eabi/lib/armv7e-m/fpu\libc.a(lib_a-locale.o)
                                  0xb (size before relaxing)
 *fill*         0x0800768f        0x1 
 .rodata.__mprec_tens
                0x08007690       0xc8 d:/truestudio for arm 7.1.0/armtools/bin/../lib/gcc/arm-atollic-eabi/5.3.1/../../../../arm-atollic-eabi/lib/armv7e-m/fpu\libc.a(lib_a-mprec.o)
                0x08007690                __mprec_tens
 .rodata.__mprec_bigtens
                0x08007758       0x28 d:/truestudio for arm 7.1.0/armtools/bin/../lib/gcc/arm-atollic-eabi/5.3.1/../../../../arm-atollic-eabi/lib/armv7e-m/fpu\libc.a(lib_a-mprec.o)
                0x08007758                __mprec_bigtens
 .rodata.p05.5388
                0x08007780        0xc d:/truestudio for arm 7.1.0/armtools/bin/../lib/gcc/arm-atollic-eabi/5.3.1/../../../../arm-atollic-eabi/lib/armv7e-m/fpu\libc.a(lib_a-mprec.o)
                0x0800778c                . = ALIGN (0x4)

.ARM.extab
 *(.ARM.extab* .gnu.linkonce.armextab.*)

.ARM            0x0800778c        0x8
                0x0800778c                __exidx_start = .
 *(.ARM.exidx*)
 .ARM.exidx     0x0800778c        0x8 d:/truestudio for arm 7.1.0/armtools/bin/../lib/gcc/arm-atollic-eabi/5.3.1/armv7e-m/fpu\libgcc.a(_udivmoddi4.o)
                0x08007794                __exidx_end = .

.rel.dyn        0x08007794        0x0
 .rel.iplt      0x08007794        0x0 d:/truestudio for arm 7.1.0/armtools/bin/../lib/gcc/arm-atollic-eabi/5.3.1/armv7e-m/fpu/crtbegin.o

.preinit_array  0x08007794        0x0
                [!provide]                PROVIDE (__preinit_array_start, .)
 *(.preinit_array*)
                [!provide]                PROVIDE (__preinit_array_end, .)

.init_array     0x08007794        0x4
                [!provide]                PROVIDE (__init_array_start, .)
 *(SORT(.init_array.*))
 *(.init_array*)
 .init_array    0x08007794        0x4 d:/truestudio for arm 7.1.0/armtools/bin/../lib/gcc/arm-atollic-eabi/5.3.1/armv7e-m/fpu/crtbegin.o
                [!provide]                PROVIDE (__init_array_end, .)

.fini_array     0x08007798        0x4
                [!provide]                PROVIDE (__fini_array_start, .)
 *(SORT(.fini_array.*))
 *(.fini_array*)
 .fini_array    0x08007798        0x4 d:/truestudio for arm 7.1.0/armtools/bin/../lib/gcc/arm-atollic-eabi/5.3.1/armv7e-m/fpu/crtbegin.o
                [!provide]                PROVIDE (__fini_array_end, .)
                0x0800779c                _sidata = LOADADDR (.data)

.data           0x20000000      0x540 load address 0x0800779c
                0x20000000                . = ALIGN (0x4)
                0x20000000                _sdata = .
 *(.data)
 *(.data*)
 .data.SystemCoreClock
                0x20000000        0x4 BSP\CMSIS\system_stm32f4xx.o
                0x20000000                SystemCoreClock
 .data.impure_data
                0x20000004       0xf0 d:/truestudio for arm 7.1.0/armtools/bin/../lib/gcc/arm-atollic-eabi/5.3.1/../../../../arm-atollic-eabi/lib/armv7e-m/fpu\libc.a(lib_a-impure.o)
 .data._impure_ptr
                0x200000f4        0x4 d:/truestudio for arm 7.1.0/armtools/bin/../lib/gcc/arm-atollic-eabi/5.3.1/../../../../arm-atollic-eabi/lib/armv7e-m/fpu\libc.a(lib_a-impure.o)
                0x200000f4                _impure_ptr
 .data.lconv    0x200000f8       0x38 d:/truestudio for arm 7.1.0/armtools/bin/../lib/gcc/arm-atollic-eabi/5.3.1/../../../../arm-atollic-eabi/lib/armv7e-m/fpu\libc.a(lib_a-locale.o)
 .data.__malloc_av_
                0x20000130      0x408 d:/truestudio for arm 7.1.0/armtools/bin/../lib/gcc/arm-atollic-eabi/5.3.1/../../../../arm-atollic-eabi/lib/armv7e-m/fpu\libc.a(lib_a-mallocr.o)
                0x20000130                __malloc_av_
 .data.__malloc_trim_threshold
                0x20000538        0x4 d:/truestudio for arm 7.1.0/armtools/bin/../lib/gcc/arm-atollic-eabi/5.3.1/../../../../arm-atollic-eabi/lib/armv7e-m/fpu\libc.a(lib_a-mallocr.o)
                0x20000538                __malloc_trim_threshold
 .data.__malloc_sbrk_base
                0x2000053c        0x4 d:/truestudio for arm 7.1.0/armtools/bin/../lib/gcc/arm-atollic-eabi/5.3.1/../../../../arm-atollic-eabi/lib/armv7e-m/fpu\libc.a(lib_a-mallocr.o)
                0x2000053c                __malloc_sbrk_base
                0x20000540                . = ALIGN (0x4)
                0x20000540                _edata = .
                0x08007cdc                _siccmram = LOADADDR (.ccmram)

.igot.plt       0x20000540        0x0 load address 0x08007cdc
 .igot.plt      0x20000540        0x0 d:/truestudio for arm 7.1.0/armtools/bin/../lib/gcc/arm-atollic-eabi/5.3.1/armv7e-m/fpu/crtbegin.o

.ccmram         0x10000000        0x0 load address 0x08007cdc
                0x10000000                . = ALIGN (0x4)
                0x10000000                _sccmram = .
 *(.ccmram)
 *(.ccmram*)
                0x10000000                . = ALIGN (0x4)
                0x10000000                _eccmram = .
                0x10000000                . = ALIGN (0x4)

.bss            0x20000540     0x3700
                0x20000540                _sbss = .
                0x20000540                __bss_start__ = _sbss
 *(.bss)
 .bss           0x20000540       0x1c d:/truestudio for arm 7.1.0/armtools/bin/../lib/gcc/arm-atollic-eabi/5.3.1/armv7e-m/fpu/crtbegin.o
 *(.bss*)
 .bss.StartTaskStk
                0x2000055c      0x800 APP\UserApp\app_user_14_StatTask.o
 .bss.ShareDataSem
                0x20000d5c        0x4 APP\UserApp\app_user_14_StatTask.o
 .bss.UartReady
                0x20000d60        0x4 APP\UserApp\app_user_14_StatTask.o
 .bss.ProtocolTaskStk
                0x20000d64      0x400 APP\UserApp\app_user_14_StatTask.o
 .bss.LedTaskStk
                0x20001164      0x400 APP\UserApp\app_user_14_StatTask.o
 .bss.FloatTaskStk
                0x20001564      0x400 APP\UserApp\app_user_14_StatTask.o
 .bss.BSP_IntVectTbl
                0x20001964      0x148 BSP\bsp_int.o
 .bss.uwTick    0x20001aac        0x4 STM32CubeF4\Drivers\STM32F4xx_HAL_Driver\Src\stm32f4xx_hal.o
 .bss.OSTmrCtr  0x20001ab0        0x2 uCOS-II\Ports\ARM-Cortex-M4\Generic\GNU\os_cpu_c.o
 *fill*         0x20001ab2        0x2 
 .bss.__malloc_max_total_mem
                0x20001ab4        0x4 d:/truestudio for arm 7.1.0/armtools/bin/../lib/gcc/arm-atollic-eabi/5.3.1/../../../../arm-atollic-eabi/lib/armv7e-m/fpu\libc.a(lib_a-mallocr.o)
                0x20001ab4                __malloc_max_total_mem
 .bss.__malloc_max_sbrked_mem
                0x20001ab8        0x4 d:/truestudio for arm 7.1.0/armtools/bin/../lib/gcc/arm-atollic-eabi/5.3.1/../../../../arm-atollic-eabi/lib/armv7e-m/fpu\libc.a(lib_a-mallocr.o)
                0x20001ab8                __malloc_max_sbrked_mem
 .bss.__malloc_top_pad
                0x20001abc        0x4 d:/truestudio for arm 7.1.0/armtools/bin/../lib/gcc/arm-atollic-eabi/5.3.1/../../../../arm-atollic-eabi/lib/armv7e-m/fpu\libc.a(lib_a-mallocr.o)
                0x20001abc                __malloc_top_pad
 .bss.__malloc_current_mallinfo
                0x20001ac0       0x28 d:/truestudio for arm 7.1.0/armtools/bin/../lib/gcc/arm-atollic-eabi/5.3.1/../../../../arm-atollic-eabi/lib/armv7e-m/fpu\libc.a(lib_a-mallocr.o)
                0x20001ac0                __malloc_current_mallinfo
 .bss.heap_end.4169
                0x20001ae8        0x4 d:/truestudio for arm 7.1.0/armtools/bin/../lib/gcc/arm-atollic-eabi/5.3.1/../../../../arm-atollic-eabi/lib/armv7e-m/fpu\libnosys.a(sbrk.o)
 *(COMMON)
 COMMON         0x20001aec       0x40 BSP\UserBsp\bsp_user.o
                0x20001aec                UartHandle
 COMMON         0x20001b2c       0x30 uC-CPU\cpu_core.o
                0x20001b2c                CPU_IntDisMeasMax_cnts
                0x20001b30                CPU_TS_TmrFreq_Hz
                0x20001b34                CPU_IntDisMeasStart_cnts
                0x20001b38                CPU_IntDisNestCtr
                0x20001b3c                CPU_IntDisMeasStop_cnts
                0x20001b40                CPU_IntDisMeasMaxCur_cnts
                0x20001b44                CPU_IntDisMeasCtr
                0x20001b48                CPU_IntDisMeasOvrhd_cnts
                0x20001b4c                CPU_Name
 COMMON         0x20001b5c      0x418 uC-LIB\lib_mem.o
                0x20001b5c                Mem_SegHeap
                0x20001b70                Mem_SegHeadPtr
                0x20001b74                Mem_Heap
 COMMON         0x20001f74      0x204 uCOS-II\Ports\ARM-Cortex-M4\Generic\GNU\os_cpu_c.o
                0x20001f74                OS_CPU_ExceptStkBase
                0x20001f78                OS_CPU_ExceptStk
 COMMON         0x20002178     0x1ac4 uCOS-II\Source\os_core.o
                0x20002178                OSTmrFreeList
                0x2000217c                OSTmrWheelTbl
                0x200021b4                OSLockNesting
                0x200021b8                OSTmrSemSignal
                0x200021bc                OSTaskRegNextAvailID
                0x200021bd                OSRunning
                0x200021c0                OSIdleCtr
                0x200021c4                OSTmrUsed
                0x200021c6                OSPrioHighRdy
                0x200021c8                OSFlagTbl
                0x20002218                OSTmrTbl
                0x20002498                OSPrioCur
                0x2000249c                OSTCBList
                0x200024a0                OSMemTbl
                0x20002518                OSTickStepState
                0x2000251c                OSTaskStatStk
                0x2000271c                OSCtxSwCtr
                0x20002720                OSTmrFree
                0x20002724                OSIdleCtrMax
                0x20002728                OSTCBFreeList
                0x2000272c                OSCPUUsage
                0x2000272d                OSTaskCtr
                0x20002730                OSMemFreeList
                0x20002734                OSQTbl
                0x20002794                OSTCBHighRdy
                0x20002798                OSQFreeList
                0x2000279c                OSRdyGrp
                0x200027a0                OSRdyTbl
                0x200027a8                OSTmrTaskStk
                0x20002fa8                OSEventFreeList
                0x20002fac                OSIntNesting
                0x20002fb0                OSTCBCur
                0x20002fb4                OSTmrTime
                0x20002fb8                OSTime
                0x20002fbc                OSTmrSem
                0x20002fc0                OSTaskIdleStk
                0x200031c0                OSEventTbl
                0x200033a0                OSTCBTbl
                0x20003b30                OSFlagFreeList
                0x20003b34                OSStatRdy
                0x20003b38                OSTCBPrioTbl
                0x20003c38                OSIdleCtrRun
 COMMON         0x20003c3c        0x4 d:/truestudio for arm 7.1.0/armtools/bin/../lib/gcc/arm-atollic-eabi/5.3.1/../../../../arm-atollic-eabi/lib/armv7e-m/fpu\libc.a(lib_a-reent.o)
                0x20003c3c                errno
                0x20003c40                . = ALIGN (0x4)
                0x20003c40                _ebss = .
                0x20003c40                __bss_end__ = _ebss

._user_heap_stack
                0x20003c40      0x400
                0x20003c40                . = ALIGN (0x4)
                0x20003c40                PROVIDE (end, .)
                [!provide]                PROVIDE (_end, .)
                0x20003c40                . = (. + _Min_Heap_Size)
                0x20004040                . = (. + _Min_Stack_Size)
 *fill*         0x20003c40      0x400 
                0x20004040                . = ALIGN (0x4)

.memory_b1_text
 *(.mb1text)
 *(.mb1text*)
 *(.mb1rodata)
 *(.mb1rodata*)

/DISCARD/
 libc.a(*)
 libm.a(*)
 libgcc.a(*)

.ARM.attributes
                0x00000000       0x30
 *(.ARM.attributes)
 .ARM.attributes
                0x00000000       0x22 d:/truestudio for arm 7.1.0/armtools/bin/../lib/gcc/arm-atollic-eabi/5.3.1/armv7e-m/fpu/crti.o
 .ARM.attributes
                0x00000022       0x34 d:/truestudio for arm 7.1.0/armtools/bin/../lib/gcc/arm-atollic-eabi/5.3.1/armv7e-m/fpu/crtbegin.o
 .ARM.attributes
                0x00000056       0x39 APP\UserApp\app_user_14_StatTask.o
 .ARM.attributes
                0x0000008f       0x39 APP\app_hooks.o
 .ARM.attributes
                0x000000c8       0x39 BSP\CMSIS\system_stm32f4xx.o
 .ARM.attributes
                0x00000101       0x21 BSP\TrueSTUDIO\startup.o
 .ARM.attributes
                0x00000122       0x39 BSP\UserBsp\bsp_user.o
 .ARM.attributes
                0x0000015b       0x39 BSP\bsp.o
 .ARM.attributes
                0x00000194       0x39 BSP\bsp_int.o
 .ARM.attributes
                0x000001cd       0x39 BSP\bsp_periph.o
 .ARM.attributes
                0x00000206       0x39 BSP\cpu_bsp.o
 .ARM.attributes
                0x0000023f       0x39 STM32CubeF4\Drivers\STM32F4xx_HAL_Driver\Src\stm32f4xx_hal.o
 .ARM.attributes
                0x00000278       0x39 STM32CubeF4\Drivers\STM32F4xx_HAL_Driver\Src\stm32f4xx_hal_cortex.o
 .ARM.attributes
                0x000002b1       0x39 STM32CubeF4\Drivers\STM32F4xx_HAL_Driver\Src\stm32f4xx_hal_gpio.o
 .ARM.attributes
                0x000002ea       0x39 STM32CubeF4\Drivers\STM32F4xx_HAL_Driver\Src\stm32f4xx_hal_msp_template.o
 .ARM.attributes
                0x00000323       0x39 STM32CubeF4\Drivers\STM32F4xx_HAL_Driver\Src\stm32f4xx_hal_rcc.o
 .ARM.attributes
                0x0000035c       0x39 STM32CubeF4\Drivers\STM32F4xx_HAL_Driver\Src\stm32f4xx_hal_uart.o
 .ARM.attributes
                0x00000395       0x25 uC-CPU\ARM-Cortex-M4\GNU\cpu_a.o
 .ARM.attributes
                0x000003ba       0x39 uC-CPU\cpu_core.o
 .ARM.attributes
                0x000003f3       0x39 uC-LIB\lib_mem.o
 .ARM.attributes
                0x0000042c       0x25 uCOS-II\Ports\ARM-Cortex-M4\Generic\GNU\os_cpu_a.o
 .ARM.attributes
                0x00000451       0x39 uCOS-II\Ports\ARM-Cortex-M4\Generic\GNU\os_cpu_c.o
 .ARM.attributes
                0x0000048a       0x39 uCOS-II\Ports\ARM-Cortex-M4\Generic\GNU\os_dbg.o
 .ARM.attributes
                0x000004c3       0x39 uCOS-II\Source\os_core.o
 .ARM.attributes
                0x000004fc       0x39 uCOS-II\Source\os_flag.o
 .ARM.attributes
                0x00000535       0x39 uCOS-II\Source\os_mem.o
 .ARM.attributes
                0x0000056e       0x39 uCOS-II\Source\os_q.o
 .ARM.attributes
                0x000005a7       0x39 uCOS-II\Source\os_sem.o
 .ARM.attributes
                0x000005e0       0x39 uCOS-II\Source\os_task.o
 .ARM.attributes
                0x00000619       0x39 uCOS-II\Source\os_time.o
 .ARM.attributes
                0x00000652       0x39 uCOS-II\Source\os_tmr.o
 .ARM.attributes
                0x0000068b       0x34 d:/truestudio for arm 7.1.0/armtools/bin/../lib/gcc/arm-atollic-eabi/5.3.1/../../../../arm-atollic-eabi/lib/armv7e-m/fpu\libc.a(lib_a-memset.o)
 .ARM.attributes
                0x000006bf       0x34 d:/truestudio for arm 7.1.0/armtools/bin/../lib/gcc/arm-atollic-eabi/5.3.1/../../../../arm-atollic-eabi/lib/armv7e-m/fpu\libc.a(lib_a-svfprintf.o)
 .ARM.attributes
                0x000006f3       0x34 d:/truestudio for arm 7.1.0/armtools/bin/../lib/gcc/arm-atollic-eabi/5.3.1/../../../../arm-atollic-eabi/lib/armv7e-m/fpu\libc.a(lib_a-vsprintf.o)
 .ARM.attributes
                0x00000727       0x34 d:/truestudio for arm 7.1.0/armtools/bin/../lib/gcc/arm-atollic-eabi/5.3.1/../../../../arm-atollic-eabi/lib/armv7e-m/fpu\libc.a(lib_a-dtoa.o)
 .ARM.attributes
                0x0000075b       0x34 d:/truestudio for arm 7.1.0/armtools/bin/../lib/gcc/arm-atollic-eabi/5.3.1/../../../../arm-atollic-eabi/lib/armv7e-m/fpu\libc.a(lib_a-impure.o)
 .ARM.attributes
                0x0000078f       0x34 d:/truestudio for arm 7.1.0/armtools/bin/../lib/gcc/arm-atollic-eabi/5.3.1/../../../../arm-atollic-eabi/lib/armv7e-m/fpu\libc.a(lib_a-locale.o)
 .ARM.attributes
                0x000007c3       0x34 d:/truestudio for arm 7.1.0/armtools/bin/../lib/gcc/arm-atollic-eabi/5.3.1/../../../../arm-atollic-eabi/lib/armv7e-m/fpu\libc.a(lib_a-malloc.o)
 .ARM.attributes
                0x000007f7       0x34 d:/truestudio for arm 7.1.0/armtools/bin/../lib/gcc/arm-atollic-eabi/5.3.1/../../../../arm-atollic-eabi/lib/armv7e-m/fpu\libc.a(lib_a-mallocr.o)
 .ARM.attributes
                0x0000082b       0x20 d:/truestudio for arm 7.1.0/armtools/bin/../lib/gcc/arm-atollic-eabi/5.3.1/../../../../arm-atollic-eabi/lib/armv7e-m/fpu\libc.a(lib_a-memchr.o)
 .ARM.attributes
                0x0000084b       0x34 d:/truestudio for arm 7.1.0/armtools/bin/../lib/gcc/arm-atollic-eabi/5.3.1/../../../../arm-atollic-eabi/lib/armv7e-m/fpu\libc.a(lib_a-memcpy-stub.o)
 .ARM.attributes
                0x0000087f       0x34 d:/truestudio for arm 7.1.0/armtools/bin/../lib/gcc/arm-atollic-eabi/5.3.1/../../../../arm-atollic-eabi/lib/armv7e-m/fpu\libc.a(lib_a-mlock.o)
 .ARM.attributes
                0x000008b3       0x34 d:/truestudio for arm 7.1.0/armtools/bin/../lib/gcc/arm-atollic-eabi/5.3.1/../../../../arm-atollic-eabi/lib/armv7e-m/fpu\libc.a(lib_a-mprec.o)
 .ARM.attributes
                0x000008e7       0x34 d:/truestudio for arm 7.1.0/armtools/bin/../lib/gcc/arm-atollic-eabi/5.3.1/../../../../arm-atollic-eabi/lib/armv7e-m/fpu\libc.a(lib_a-sbrkr.o)
 .ARM.attributes
                0x0000091b       0x1b d:/truestudio for arm 7.1.0/armtools/bin/../lib/gcc/arm-atollic-eabi/5.3.1/../../../../arm-atollic-eabi/lib/armv7e-m/fpu\libc.a(lib_a-strlen.o)
 .ARM.attributes
                0x00000936       0x34 d:/truestudio for arm 7.1.0/armtools/bin/../lib/gcc/arm-atollic-eabi/5.3.1/../../../../arm-atollic-eabi/lib/armv7e-m/fpu\libc.a(lib_a-svfiprintf.o)
 .ARM.attributes
                0x0000096a       0x34 d:/truestudio for arm 7.1.0/armtools/bin/../lib/gcc/arm-atollic-eabi/5.3.1/../../../../arm-atollic-eabi/lib/armv7e-m/fpu\libc.a(lib_a-callocr.o)
 .ARM.attributes
                0x0000099e       0x34 d:/truestudio for arm 7.1.0/armtools/bin/../lib/gcc/arm-atollic-eabi/5.3.1/../../../../arm-atollic-eabi/lib/armv7e-m/fpu\libc.a(lib_a-freer.o)
 .ARM.attributes
                0x000009d2       0x34 d:/truestudio for arm 7.1.0/armtools/bin/../lib/gcc/arm-atollic-eabi/5.3.1/../../../../arm-atollic-eabi/lib/armv7e-m/fpu\libc.a(lib_a-memmove.o)
 .ARM.attributes
                0x00000a06       0x34 d:/truestudio for arm 7.1.0/armtools/bin/../lib/gcc/arm-atollic-eabi/5.3.1/../../../../arm-atollic-eabi/lib/armv7e-m/fpu\libc.a(lib_a-reallocr.o)
 .ARM.attributes
                0x00000a3a       0x34 d:/truestudio for arm 7.1.0/armtools/bin/../lib/gcc/arm-atollic-eabi/5.3.1/../../../../arm-atollic-eabi/lib/armv7e-m/fpu\libc.a(lib_a-reent.o)
 .ARM.attributes
                0x00000a6e       0x22 d:/truestudio for arm 7.1.0/armtools/bin/../lib/gcc/arm-atollic-eabi/5.3.1/armv7e-m/fpu\libgcc.a(_arm_addsubdf3.o)
 .ARM.attributes
                0x00000a90       0x22 d:/truestudio for arm 7.1.0/armtools/bin/../lib/gcc/arm-atollic-eabi/5.3.1/armv7e-m/fpu\libgcc.a(_arm_muldivdf3.o)
 .ARM.attributes
                0x00000ab2       0x22 d:/truestudio for arm 7.1.0/armtools/bin/../lib/gcc/arm-atollic-eabi/5.3.1/armv7e-m/fpu\libgcc.a(_arm_cmpdf2.o)
 .ARM.attributes
                0x00000ad4       0x22 d:/truestudio for arm 7.1.0/armtools/bin/../lib/gcc/arm-atollic-eabi/5.3.1/armv7e-m/fpu\libgcc.a(_arm_unorddf2.o)
 .ARM.attributes
                0x00000af6       0x22 d:/truestudio for arm 7.1.0/armtools/bin/../lib/gcc/arm-atollic-eabi/5.3.1/armv7e-m/fpu\libgcc.a(_arm_fixdfsi.o)
 .ARM.attributes
                0x00000b18       0x22 d:/truestudio for arm 7.1.0/armtools/bin/../lib/gcc/arm-atollic-eabi/5.3.1/armv7e-m/fpu\libgcc.a(_aeabi_uldivmod.o)
 .ARM.attributes
                0x00000b3a       0x34 d:/truestudio for arm 7.1.0/armtools/bin/../lib/gcc/arm-atollic-eabi/5.3.1/armv7e-m/fpu\libgcc.a(_udivmoddi4.o)
 .ARM.attributes
                0x00000b6e       0x22 d:/truestudio for arm 7.1.0/armtools/bin/../lib/gcc/arm-atollic-eabi/5.3.1/armv7e-m/fpu\libgcc.a(_dvmd_tls.o)
 .ARM.attributes
                0x00000b90       0x34 d:/truestudio for arm 7.1.0/armtools/bin/../lib/gcc/arm-atollic-eabi/5.3.1/../../../../arm-atollic-eabi/lib/armv7e-m/fpu\libnosys.a(sbrk.o)
 .ARM.attributes
                0x00000bc4       0x22 d:/truestudio for arm 7.1.0/armtools/bin/../lib/gcc/arm-atollic-eabi/5.3.1/armv7e-m/fpu/crtn.o
OUTPUT(OS2.elf elf32-littlearm)

.debug_info     0x00000000    0x1250e
 .debug_info    0x00000000     0x10fb APP\UserApp\app_user_14_StatTask.o
 .debug_info    0x000010fb      0x48b APP\app_hooks.o
 .debug_info    0x00001586      0x4d4 BSP\CMSIS\system_stm32f4xx.o
 .debug_info    0x00001a5a       0xb0 BSP\TrueSTUDIO\startup.o
 .debug_info    0x00001b0a      0xb9b BSP\UserBsp\bsp_user.o
 .debug_info    0x000026a5      0xb29 BSP\bsp.o
 .debug_info    0x000031ce     0x102f BSP\bsp_int.o
 .debug_info    0x000041fd      0x141 BSP\bsp_periph.o
 .debug_info    0x0000433e      0x186 BSP\cpu_bsp.o
 .debug_info    0x000044c4      0x97d STM32CubeF4\Drivers\STM32F4xx_HAL_Driver\Src\stm32f4xx_hal.o
 .debug_info    0x00004e41      0xce1 STM32CubeF4\Drivers\STM32F4xx_HAL_Driver\Src\stm32f4xx_hal_cortex.o
 .debug_info    0x00005b22      0x726 STM32CubeF4\Drivers\STM32F4xx_HAL_Driver\Src\stm32f4xx_hal_gpio.o
 .debug_info    0x00006248       0xe5 STM32CubeF4\Drivers\STM32F4xx_HAL_Driver\Src\stm32f4xx_hal_msp_template.o
 .debug_info    0x0000632d      0xf54 STM32CubeF4\Drivers\STM32F4xx_HAL_Driver\Src\stm32f4xx_hal_rcc.o
 .debug_info    0x00007281     0x122a STM32CubeF4\Drivers\STM32F4xx_HAL_Driver\Src\stm32f4xx_hal_uart.o
 .debug_info    0x000084ab       0xce uC-CPU\ARM-Cortex-M4\GNU\cpu_a.o
 .debug_info    0x00008579      0xa96 uC-CPU\cpu_core.o
 .debug_info    0x0000900f     0x1a8c uC-LIB\lib_mem.o
 .debug_info    0x0000aa9b       0xe0 uCOS-II\Ports\ARM-Cortex-M4\Generic\GNU\os_cpu_a.o
 .debug_info    0x0000ab7b      0x745 uCOS-II\Ports\ARM-Cortex-M4\Generic\GNU\os_cpu_c.o
 .debug_info    0x0000b2c0      0xc3b uCOS-II\Ports\ARM-Cortex-M4\Generic\GNU\os_dbg.o
 .debug_info    0x0000befb     0x18c6 uCOS-II\Source\os_core.o
 .debug_info    0x0000d7c1      0xe3b uCOS-II\Source\os_flag.o
 .debug_info    0x0000e5fc      0x52c uCOS-II\Source\os_mem.o
 .debug_info    0x0000eb28      0xcce uCOS-II\Source\os_q.o
 .debug_info    0x0000f7f6      0x944 uCOS-II\Source\os_sem.o
 .debug_info    0x0001013a     0x1043 uCOS-II\Source\os_task.o
 .debug_info    0x0001117d      0x5e3 uCOS-II\Source\os_time.o
 .debug_info    0x00011760      0xdae uCOS-II\Source\os_tmr.o

.debug_abbrev   0x00000000     0x2fb4
 .debug_abbrev  0x00000000      0x261 APP\UserApp\app_user_14_StatTask.o
 .debug_abbrev  0x00000261       0xf9 APP\app_hooks.o
 .debug_abbrev  0x0000035a      0x101 BSP\CMSIS\system_stm32f4xx.o
 .debug_abbrev  0x0000045b       0x12 BSP\TrueSTUDIO\startup.o
 .debug_abbrev  0x0000046d      0x1f4 BSP\UserBsp\bsp_user.o
 .debug_abbrev  0x00000661      0x260 BSP\bsp.o
 .debug_abbrev  0x000008c1      0x183 BSP\bsp_int.o
 .debug_abbrev  0x00000a44       0xd7 BSP\bsp_periph.o
 .debug_abbrev  0x00000b1b       0xe8 BSP\cpu_bsp.o
 .debug_abbrev  0x00000c03      0x248 STM32CubeF4\Drivers\STM32F4xx_HAL_Driver\Src\stm32f4xx_hal.o
 .debug_abbrev  0x00000e4b      0x2e5 STM32CubeF4\Drivers\STM32F4xx_HAL_Driver\Src\stm32f4xx_hal_cortex.o
 .debug_abbrev  0x00001130      0x1c8 STM32CubeF4\Drivers\STM32F4xx_HAL_Driver\Src\stm32f4xx_hal_gpio.o
 .debug_abbrev  0x000012f8       0x67 STM32CubeF4\Drivers\STM32F4xx_HAL_Driver\Src\stm32f4xx_hal_msp_template.o
 .debug_abbrev  0x0000135f      0x271 STM32CubeF4\Drivers\STM32F4xx_HAL_Driver\Src\stm32f4xx_hal_rcc.o
 .debug_abbrev  0x000015d0      0x293 STM32CubeF4\Drivers\STM32F4xx_HAL_Driver\Src\stm32f4xx_hal_uart.o
 .debug_abbrev  0x00001863       0x14 uC-CPU\ARM-Cortex-M4\GNU\cpu_a.o
 .debug_abbrev  0x00001877      0x295 uC-CPU\cpu_core.o
 .debug_abbrev  0x00001b0c      0x27a uC-LIB\lib_mem.o
 .debug_abbrev  0x00001d86       0x14 uCOS-II\Ports\ARM-Cortex-M4\Generic\GNU\os_cpu_a.o
 .debug_abbrev  0x00001d9a      0x1bc uCOS-II\Ports\ARM-Cortex-M4\Generic\GNU\os_cpu_c.o
 .debug_abbrev  0x00001f56       0xf4 uCOS-II\Ports\ARM-Cortex-M4\Generic\GNU\os_dbg.o
 .debug_abbrev  0x0000204a      0x303 uCOS-II\Source\os_core.o
 .debug_abbrev  0x0000234d      0x1ef uCOS-II\Source\os_flag.o
 .debug_abbrev  0x0000253c      0x192 uCOS-II\Source\os_mem.o
 .debug_abbrev  0x000026ce      0x1bd uCOS-II\Source\os_q.o
 .debug_abbrev  0x0000288b      0x1b0 uCOS-II\Source\os_sem.o
 .debug_abbrev  0x00002a3b      0x1b1 uCOS-II\Source\os_task.o
 .debug_abbrev  0x00002bec      0x14a uCOS-II\Source\os_time.o
 .debug_abbrev  0x00002d36      0x27e uCOS-II\Source\os_tmr.o

.debug_loc      0x00000000     0xaa0c
 .debug_loc     0x00000000      0x12f APP\UserApp\app_user_14_StatTask.o
 .debug_loc     0x0000012f      0x11b BSP\CMSIS\system_stm32f4xx.o
 .debug_loc     0x0000024a      0x10f BSP\UserBsp\bsp_user.o
 .debug_loc     0x00000359      0x1ce BSP\bsp.o
 .debug_loc     0x00000527      0x20d BSP\bsp_int.o
 .debug_loc     0x00000734      0x1d1 BSP\bsp_periph.o
 .debug_loc     0x00000905       0x84 BSP\cpu_bsp.o
 .debug_loc     0x00000989       0x92 STM32CubeF4\Drivers\STM32F4xx_HAL_Driver\Src\stm32f4xx_hal.o
 .debug_loc     0x00000a1b      0x4cc STM32CubeF4\Drivers\STM32F4xx_HAL_Driver\Src\stm32f4xx_hal_cortex.o
 .debug_loc     0x00000ee7      0x3a1 STM32CubeF4\Drivers\STM32F4xx_HAL_Driver\Src\stm32f4xx_hal_gpio.o
 .debug_loc     0x00001288      0x80c STM32CubeF4\Drivers\STM32F4xx_HAL_Driver\Src\stm32f4xx_hal_rcc.o
 .debug_loc     0x00001a94      0xfd1 STM32CubeF4\Drivers\STM32F4xx_HAL_Driver\Src\stm32f4xx_hal_uart.o
 .debug_loc     0x00002a65      0x8fd uC-CPU\cpu_core.o
 .debug_loc     0x00003362     0x24cb uC-LIB\lib_mem.o
 .debug_loc     0x0000582d      0x471 uCOS-II\Ports\ARM-Cortex-M4\Generic\GNU\os_cpu_c.o
 .debug_loc     0x00005c9e      0xdc8 uCOS-II\Source\os_core.o
 .debug_loc     0x00006a66      0xede uCOS-II\Source\os_flag.o
 .debug_loc     0x00007944      0x4c0 uCOS-II\Source\os_mem.o
 .debug_loc     0x00007e04      0xc0d uCOS-II\Source\os_q.o
 .debug_loc     0x00008a11      0x6dc uCOS-II\Source\os_sem.o
 .debug_loc     0x000090ed      0xe73 uCOS-II\Source\os_task.o
 .debug_loc     0x00009f60      0x3eb uCOS-II\Source\os_time.o
 .debug_loc     0x0000a34b      0x6c1 uCOS-II\Source\os_tmr.o

.debug_aranges  0x00000000      0xf28
 .debug_aranges
                0x00000000       0x50 APP\UserApp\app_user_14_StatTask.o
 .debug_aranges
                0x00000050       0x58 APP\app_hooks.o
 .debug_aranges
                0x000000a8       0x28 BSP\CMSIS\system_stm32f4xx.o
 .debug_aranges
                0x000000d0       0x58 BSP\TrueSTUDIO\startup.o
 .debug_aranges
                0x00000128       0x48 BSP\UserBsp\bsp_user.o
 .debug_aranges
                0x00000170       0x50 BSP\bsp.o
 .debug_aranges
                0x000001c0      0x2f0 BSP\bsp_int.o
 .debug_aranges
                0x000004b0       0x30 BSP\bsp_periph.o
 .debug_aranges
                0x000004e0       0x30 BSP\cpu_bsp.o
 .debug_aranges
                0x00000510       0xc0 STM32CubeF4\Drivers\STM32F4xx_HAL_Driver\Src\stm32f4xx_hal.o
 .debug_aranges
                0x000005d0       0x90 STM32CubeF4\Drivers\STM32F4xx_HAL_Driver\Src\stm32f4xx_hal_cortex.o
 .debug_aranges
                0x00000660       0x58 STM32CubeF4\Drivers\STM32F4xx_HAL_Driver\Src\stm32f4xx_hal_gpio.o
 .debug_aranges
                0x000006b8       0x38 STM32CubeF4\Drivers\STM32F4xx_HAL_Driver\Src\stm32f4xx_hal_msp_template.o
 .debug_aranges
                0x000006f0       0x88 STM32CubeF4\Drivers\STM32F4xx_HAL_Driver\Src\stm32f4xx_hal_rcc.o
 .debug_aranges
                0x00000778      0x138 STM32CubeF4\Drivers\STM32F4xx_HAL_Driver\Src\stm32f4xx_hal_uart.o
 .debug_aranges
                0x000008b0       0x20 uC-CPU\ARM-Cortex-M4\GNU\cpu_a.o
 .debug_aranges
                0x000008d0       0xd0 uC-CPU\cpu_core.o
 .debug_aranges
                0x000009a0       0xe0 uC-LIB\lib_mem.o
 .debug_aranges
                0x00000a80       0x20 uCOS-II\Ports\ARM-Cortex-M4\Generic\GNU\os_cpu_a.o
 .debug_aranges
                0x00000aa0       0x80 uCOS-II\Ports\ARM-Cortex-M4\Generic\GNU\os_cpu_c.o
 .debug_aranges
                0x00000b20       0x20 uCOS-II\Ports\ARM-Cortex-M4\Generic\GNU\os_dbg.o
 .debug_aranges
                0x00000b40       0xf8 uCOS-II\Source\os_core.o
 .debug_aranges
                0x00000c38       0x80 uCOS-II\Source\os_flag.o
 .debug_aranges
                0x00000cb8       0x50 uCOS-II\Source\os_mem.o
 .debug_aranges
                0x00000d08       0x70 uCOS-II\Source\os_q.o
 .debug_aranges
                0x00000d78       0x58 uCOS-II\Source\os_sem.o
 .debug_aranges
                0x00000dd0       0x98 uCOS-II\Source\os_task.o
 .debug_aranges
                0x00000e68       0x40 uCOS-II\Source\os_time.o
 .debug_aranges
                0x00000ea8       0x80 uCOS-II\Source\os_tmr.o

.debug_ranges   0x00000000      0xdc0
 .debug_ranges  0x00000000       0x40 APP\UserApp\app_user_14_StatTask.o
 .debug_ranges  0x00000040       0x48 APP\app_hooks.o
 .debug_ranges  0x00000088       0x18 BSP\CMSIS\system_stm32f4xx.o
 .debug_ranges  0x000000a0       0x50 BSP\TrueSTUDIO\startup.o
 .debug_ranges  0x000000f0       0x38 BSP\UserBsp\bsp_user.o
 .debug_ranges  0x00000128       0x40 BSP\bsp.o
 .debug_ranges  0x00000168      0x2e0 BSP\bsp_int.o
 .debug_ranges  0x00000448       0x20 BSP\bsp_periph.o
 .debug_ranges  0x00000468       0x20 BSP\cpu_bsp.o
 .debug_ranges  0x00000488       0xb0 STM32CubeF4\Drivers\STM32F4xx_HAL_Driver\Src\stm32f4xx_hal.o
 .debug_ranges  0x00000538       0x80 STM32CubeF4\Drivers\STM32F4xx_HAL_Driver\Src\stm32f4xx_hal_cortex.o
 .debug_ranges  0x000005b8       0x60 STM32CubeF4\Drivers\STM32F4xx_HAL_Driver\Src\stm32f4xx_hal_gpio.o
 .debug_ranges  0x00000618       0x28 STM32CubeF4\Drivers\STM32F4xx_HAL_Driver\Src\stm32f4xx_hal_msp_template.o
 .debug_ranges  0x00000640       0x78 STM32CubeF4\Drivers\STM32F4xx_HAL_Driver\Src\stm32f4xx_hal_rcc.o
 .debug_ranges  0x000006b8      0x128 STM32CubeF4\Drivers\STM32F4xx_HAL_Driver\Src\stm32f4xx_hal_uart.o
 .debug_ranges  0x000007e0       0xc0 uC-CPU\cpu_core.o
 .debug_ranges  0x000008a0      0x138 uC-LIB\lib_mem.o
 .debug_ranges  0x000009d8       0x70 uCOS-II\Ports\ARM-Cortex-M4\Generic\GNU\os_cpu_c.o
 .debug_ranges  0x00000a48       0x10 uCOS-II\Ports\ARM-Cortex-M4\Generic\GNU\os_dbg.o
 .debug_ranges  0x00000a58       0xe8 uCOS-II\Source\os_core.o
 .debug_ranges  0x00000b40       0x70 uCOS-II\Source\os_flag.o
 .debug_ranges  0x00000bb0       0x40 uCOS-II\Source\os_mem.o
 .debug_ranges  0x00000bf0       0x60 uCOS-II\Source\os_q.o
 .debug_ranges  0x00000c50       0x48 uCOS-II\Source\os_sem.o
 .debug_ranges  0x00000c98       0x88 uCOS-II\Source\os_task.o
 .debug_ranges  0x00000d20       0x30 uCOS-II\Source\os_time.o
 .debug_ranges  0x00000d50       0x70 uCOS-II\Source\os_tmr.o

.debug_line     0x00000000     0x678f
 .debug_line    0x00000000      0x69e APP\UserApp\app_user_14_StatTask.o
 .debug_line    0x0000069e      0x333 APP\app_hooks.o
 .debug_line    0x000009d1      0x22f BSP\CMSIS\system_stm32f4xx.o
 .debug_line    0x00000c00       0xf1 BSP\TrueSTUDIO\startup.o
 .debug_line    0x00000cf1      0x471 BSP\UserBsp\bsp_user.o
 .debug_line    0x00001162      0x54c BSP\bsp.o
 .debug_line    0x000016ae      0x781 BSP\bsp_int.o
 .debug_line    0x00001e2f      0x16a BSP\bsp_periph.o
 .debug_line    0x00001f99      0x192 BSP\cpu_bsp.o
 .debug_line    0x0000212b      0x492 STM32CubeF4\Drivers\STM32F4xx_HAL_Driver\Src\stm32f4xx_hal.o
 .debug_line    0x000025bd      0x3c1 STM32CubeF4\Drivers\STM32F4xx_HAL_Driver\Src\stm32f4xx_hal_cortex.o
 .debug_line    0x0000297e      0x489 STM32CubeF4\Drivers\STM32F4xx_HAL_Driver\Src\stm32f4xx_hal_gpio.o
 .debug_line    0x00002e07      0x1d6 STM32CubeF4\Drivers\STM32F4xx_HAL_Driver\Src\stm32f4xx_hal_msp_template.o
 .debug_line    0x00002fdd      0x6ac STM32CubeF4\Drivers\STM32F4xx_HAL_Driver\Src\stm32f4xx_hal_rcc.o
 .debug_line    0x00003689      0xa19 STM32CubeF4\Drivers\STM32F4xx_HAL_Driver\Src\stm32f4xx_hal_uart.o
 .debug_line    0x000040a2       0x8b uC-CPU\ARM-Cortex-M4\GNU\cpu_a.o
 .debug_line    0x0000412d      0x36d uC-CPU\cpu_core.o
 .debug_line    0x0000449a      0x50b uC-LIB\lib_mem.o
 .debug_line    0x000049a5       0xe5 uCOS-II\Ports\ARM-Cortex-M4\Generic\GNU\os_cpu_a.o
 .debug_line    0x00004a8a      0x26f uCOS-II\Ports\ARM-Cortex-M4\Generic\GNU\os_cpu_c.o
 .debug_line    0x00004cf9      0x154 uCOS-II\Ports\ARM-Cortex-M4\Generic\GNU\os_dbg.o
 .debug_line    0x00004e4d      0x53a uCOS-II\Source\os_core.o
 .debug_line    0x00005387      0x3a6 uCOS-II\Source\os_flag.o
 .debug_line    0x0000572d      0x219 uCOS-II\Source\os_mem.o
 .debug_line    0x00005946      0x325 uCOS-II\Source\os_q.o
 .debug_line    0x00005c6b      0x282 uCOS-II\Source\os_sem.o
 .debug_line    0x00005eed      0x397 uCOS-II\Source\os_task.o
 .debug_line    0x00006284      0x1be uCOS-II\Source\os_time.o
 .debug_line    0x00006442      0x34d uCOS-II\Source\os_tmr.o

.debug_str      0x00000000     0x4874
 .debug_str     0x00000000      0xae9 APP\UserApp\app_user_14_StatTask.o
                                0xba6 (size before relaxing)
 .debug_str     0x00000ae9       0xab APP\app_hooks.o
                                0x500 (size before relaxing)
 .debug_str     0x00000b94      0x1bd BSP\CMSIS\system_stm32f4xx.o
                                0x3d9 (size before relaxing)
 .debug_str     0x00000d51      0x664 BSP\UserBsp\bsp_user.o
                                0xcd7 (size before relaxing)
 .debug_str     0x000013b5      0x2c9 BSP\bsp.o
                                0x6c4 (size before relaxing)
 .debug_str     0x0000167e      0x82a BSP\bsp_int.o
                                0xa53 (size before relaxing)
 .debug_str     0x00001ea8       0x5a BSP\bsp_periph.o
                                0x241 (size before relaxing)
 .debug_str     0x00001f02       0xa9 BSP\cpu_bsp.o
                                0x27b (size before relaxing)
 .debug_str     0x00001fab      0x23a STM32CubeF4\Drivers\STM32F4xx_HAL_Driver\Src\stm32f4xx_hal.o
                                0xb20 (size before relaxing)
 .debug_str     0x000021e5      0x257 STM32CubeF4\Drivers\STM32F4xx_HAL_Driver\Src\stm32f4xx_hal_cortex.o
                                0xb50 (size before relaxing)
 .debug_str     0x0000243c      0x135 STM32CubeF4\Drivers\STM32F4xx_HAL_Driver\Src\stm32f4xx_hal_gpio.o
                                0x560 (size before relaxing)
 .debug_str     0x00002571       0x78 STM32CubeF4\Drivers\STM32F4xx_HAL_Driver\Src\stm32f4xx_hal_msp_template.o
                                0x275 (size before relaxing)
 .debug_str     0x000025e9      0x177 STM32CubeF4\Drivers\STM32F4xx_HAL_Driver\Src\stm32f4xx_hal_rcc.o
                                0x741 (size before relaxing)
 .debug_str     0x00002760      0x350 STM32CubeF4\Drivers\STM32F4xx_HAL_Driver\Src\stm32f4xx_hal_uart.o
                                0xabe (size before relaxing)
 .debug_str     0x00002ab0      0x3dd uC-CPU\cpu_core.o
                                0x68f (size before relaxing)
 .debug_str     0x00002e8d      0x87f uC-LIB\lib_mem.o
                                0xb30 (size before relaxing)
 .debug_str     0x0000370c      0x1a6 uCOS-II\Ports\ARM-Cortex-M4\Generic\GNU\os_cpu_c.o
                                0x6b7 (size before relaxing)
 .debug_str     0x000038b2      0x63b uCOS-II\Ports\ARM-Cortex-M4\Generic\GNU\os_dbg.o
                                0xab0 (size before relaxing)
 .debug_str     0x00003eed      0x345 uCOS-II\Source\os_core.o
                                0xc18 (size before relaxing)
 .debug_str     0x00004232      0x14f uCOS-II\Source\os_flag.o
                                0x69b (size before relaxing)
 .debug_str     0x00004381       0xec uCOS-II\Source\os_mem.o
                                0x385 (size before relaxing)
 .debug_str     0x0000446d       0xd6 uCOS-II\Source\os_q.o
                                0x65d (size before relaxing)
 .debug_str     0x00004543       0x94 uCOS-II\Source\os_sem.o
                                0x5d4 (size before relaxing)
 .debug_str     0x000045d7      0x10d uCOS-II\Source\os_task.o