serial_bsp_stm3240x.c:282:15:SerialBSP_STM32_USART4_ClkEn	0	static
serial_bsp_stm3240x.c:287:15:SerialBSP_STM32_USART5_ClkEn	0	static
serial_bsp_stm3240x.c:292:15:SerialBSP_STM32_USART6_ClkEn	0	static
serial_bsp_stm3240x.c:335:15:SerialBSP_STM32_USART4_ClkDis	0	static
serial_bsp_stm3240x.c:340:15:SerialBSP_STM32_USART5_ClkDis	0	static
serial_bsp_stm3240x.c:345:15:SerialBSP_STM32_USART6_ClkDis	0	static
serial_bsp_stm3240x.c:451:15:SerialBSP_STM32_USART4_CfgGPIO	0	static
serial_bsp_stm3240x.c:462:15:SerialBSP_STM32_USART5_CfgGPIO	0	static
serial_bsp_stm3240x.c:473:15:SerialBSP_STM32_USART6_CfgGPIO	0	static
serial_bsp_stm3240x.c:659:7:SerialBSP_STM32_USART1_IntHandler	8	static
serial_bsp_stm3240x.c:670:7:SerialBSP_STM32_USART2_IntHandler	8	static
serial_bsp_stm3240x.c:681:7:SerialBSP_STM32_USART3_IntHandler	8	static
serial_bsp_stm3240x.c:692:7:SerialBSP_STM32_USART4_IntHandler	8	static
serial_bsp_stm3240x.c:703:7:SerialBSP_STM32_USART5_IntHandler	8	static
serial_bsp_stm3240x.c:714:7:SerialBSP_STM32_USART6_IntHandler	8	static
serial_bsp_stm3240x.c:588:21:SerialBSP_STM32_USART1_ClkFreqGet	8	static
serial_bsp_stm3240x.c:597:21:SerialBSP_STM32_USART2_ClkFreqGet	8	static
serial_bsp_stm3240x.c:606:21:SerialBSP_STM32_USART3_ClkFreqGet	8	static
serial_bsp_stm3240x.c:615:21:SerialBSP_STM32_USART4_ClkFreqGet	8	static
serial_bsp_stm3240x.c:624:21:SerialBSP_STM32_USART5_ClkFreqGet	8	static
serial_bsp_stm3240x.c:633:21:SerialBSP_STM32_USART6_ClkFreqGet	8	static
serial_bsp_stm3240x.c:505:15:SerialBSP_STM32_USART1_CfgInt	8	static
serial_bsp_stm3240x.c:516:15:SerialBSP_STM32_USART2_CfgInt	8	static
serial_bsp_stm3240x.c:527:15:SerialBSP_STM32_USART3_CfgInt	8	static
serial_bsp_stm3240x.c:538:15:SerialBSP_STM32_USART4_CfgInt	8	static
serial_bsp_stm3240x.c:549:15:SerialBSP_STM32_USART5_CfgInt	8	static
serial_bsp_stm3240x.c:560:15:SerialBSP_STM32_USART6_CfgInt	8	static
serial_bsp_stm3240x.c:372:15:SerialBSP_STM32_USART1_CfgGPIO	48	static
serial_bsp_stm3240x.c:399:15:SerialBSP_STM32_USART2_CfgGPIO	48	static
serial_bsp_stm3240x.c:424:15:SerialBSP_STM32_USART3_CfgGPIO	48	static
serial_bsp_stm3240x.c:317:15:SerialBSP_STM32_USART1_ClkDis	8	static
serial_bsp_stm3240x.c:323:15:SerialBSP_STM32_USART2_ClkDis	8	static
serial_bsp_stm3240x.c:329:15:SerialBSP_STM32_USART3_ClkDis	8	static
serial_bsp_stm3240x.c:264:15:SerialBSP_STM32_USART1_ClkEn	8	static
serial_bsp_stm3240x.c:270:15:SerialBSP_STM32_USART2_ClkEn	8	static
serial_bsp_stm3240x.c:276:15:SerialBSP_STM32_USART3_ClkEn	8	static
