serial.c:607:14:Serial_IF_IsValid	0	static
serial.c:2099:15:Serial_IF_RxStart	16	static
serial.c:2073:15:Serial_IF_RxReset	16	static
serial.c:2668:15:Serial_WrBufTxStart	32	static
serial.c:2471:15:Serial_RdCallback	8	static
serial.c:2922:15:Serial_WrCallback	8	static
serial.c:2393:21:Serial_RdEnd	24	static
serial.c:2194:15:Serial_RdHandler	64	static
serial.c:2777:15:Serial_WrNext	48	static
serial.c:2722:15:Serial_WrStart	24	static
serial.c:1983:15:Serial_IF_Clr	16	static
serial.c:305:13:Serial_Init	24	static
serial.c:387:7:Serial_DevDrvAdd	64	static
serial.c:672:7:Serial_SetLineDrv	40	static
serial.c:755:16:Serial_Open	32	static
serial.c:873:7:Serial_Close	72	static
serial.c:1025:13:Serial_Rd	64	static
serial.c:1119:7:Serial_RdAsync	24	static
serial.c:1198:7:Serial_WaitFor	64	static
serial.c:1365:13:Serial_Wr	88	static
serial.c:1479:7:Serial_WrAsync	48	static
serial.c:1577:14:SerialIF_GetDevPtr	16	static
serial.c:1621:7:SerialIF_Rx	56	static
serial.c:1799:7:SerialIF_Tx	64	static
serial.c:1911:7:SerialIF_TxWrBuf	16	static
