lib_mem.c:2458:16:Mem_SegAllocInternal	32	static
lib_mem.c:2706:15:Mem_DynPoolCreateInternal	56	static
lib_mem.c:303:7:Mem_Set	8	static
lib_mem.c:262:7:Mem_Clr	8	static
lib_mem.c:522:7:Mem_Move	24	static
lib_mem.c:646:14:Mem_Cmp	16	static
lib_mem.c:775:8:Mem_HeapAlloc	24	static
lib_mem.c:885:7:Mem_SegCreate	24	static
lib_mem.c:207:7:Mem_Init	24	static
lib_mem.c:969:7:Mem_SegClr	16	static
lib_mem.c:1025:13:Mem_SegRemSizeGet	32	static
lib_mem.c:827:13:Mem_HeapGetSizeRem	8	static
lib_mem.c:1114:8:Mem_SegAlloc	24	static
lib_mem.c:1181:8:Mem_SegAllocExt	24	static
lib_mem.c:1251:8:Mem_SegAllocHW	24	static
lib_mem.c:1542:7:Mem_PoolClr	0	static
lib_mem.c:1351:7:Mem_PoolCreate	48	static
lib_mem.c:1598:8:Mem_PoolBlkGet	16	static
lib_mem.c:1681:7:Mem_PoolBlkFree	24	static
lib_mem.c:1765:19:Mem_PoolBlkGetNbrAvail	16	static
lib_mem.c:1840:7:Mem_DynPoolCreate	32	static
lib_mem.c:1912:7:Mem_DynPoolCreateHW	32	static
lib_mem.c:1972:8:Mem_DynPoolBlkGet	40	static
lib_mem.c:2063:7:Mem_DynPoolBlkFree	24	static
lib_mem.c:2133:13:Mem_DynPoolBlkNbrAvailGet	16	static
