lib_str.c:3448:20:Str_FmtNbr_Int32	56	static
lib_str.c:3840:21:Str_ParseNbr_Int32	56	static
lib_str.c:278:13:Str_Len_N	0	static
lib_str.c:219:13:Str_Len	8	static
lib_str.c:440:12:Str_Copy_N	12	static
lib_str.c:350:12:Str_Copy	8	static
lib_str.c:623:12:Str_Cat_N	12	static
lib_str.c:541:12:Str_Cat	8	static
lib_str.c:854:13:Str_Cmp_N	8	static
lib_str.c:753:13:Str_Cmp	8	static
lib_str.c:1129:13:Str_CmpIgnoreCase_N	32	static
lib_str.c:1018:13:Str_CmpIgnoreCase	8	static
lib_str.c:1350:12:Str_Char_N	16	static
lib_str.c:1270:12:Str_Char	8	static
lib_str.c:1529:12:Str_Char_Last_N	16	static
lib_str.c:1447:12:Str_Char_Last	8	static
lib_str.c:1670:12:Str_Char_Replace_N	12	static
lib_str.c:1608:12:Str_Char_Replace	8	static
lib_str.c:1850:12:Str_Str_N	32	static
lib_str.c:1766:12:Str_Str	8	static
lib_str.c:2043:12:Str_FmtNbr_Int32U	24	static
lib_str.c:2259:12:Str_FmtNbr_Int32S	32	static
lib_str.c:2977:13:Str_ParseNbr_Int32U	16	static
lib_str.c:3193:13:Str_ParseNbr_Int32S	24	static
