os_core.c:1711:15:OS_SchedNew	0	static
os_core.c:1797:7:OS_TaskIdle	8	static
os_core.c:190:7:OSEventNameSet	16	static
os_core.c:655:7:OSIntEnter	0	static
os_core.c:683:7:OSIntExit	8	static
os_core.c:763:7:OSSchedLock	8	static
os_core.c:850:7:OSStart	8	static
os_core.c:882:7:OSStatInit	8	static
os_core.c:916:7:OSTimeTick	24	static
os_core.c:1002:9:OSVersion	0	static
os_core.c:1021:7:OS_Dummy	0	static
os_core.c:1130:7:OS_EventTaskWait	4	static
os_core.c:1164:7:OS_EventTaskWaitMulti	8	static
os_core.c:1207:7:OS_EventTaskRemove	4	static
os_core.c:1238:7:OS_EventTaskRemoveMulti	12	static
os_core.c:1055:8:OS_EventTaskRdy	24	static
os_core.c:1278:7:OS_EventWaitListInit	0	static
os_core.c:1602:7:OS_MemClr	0	static
os_core.c:575:7:OSInit	48	static
os_core.c:1635:7:OS_MemCopy	4	static
os_core.c:1662:7:OS_Sched	8	static
os_core.c:312:9:OSEventPendMulti	48	static
os_core.c:800:7:OSSchedUnlock	8	static
os_core.c:1756:8:OS_StrLen	0	static
os_core.c:110:8:OSEventNameGet	24	static
os_core.c:1893:7:OS_TaskStatStkChk	24	static
os_core.c:1839:7:OS_TaskStat	16	static
os_core.c:1965:8:OS_TCBInit	24	static
