cpu_core.c:249:7:CPU_SW_Exception	0	static
cpu_core.c:461:11:CPU_TS_Get32	8	static
cpu_core.c:596:7:CPU_TS_Update	0	static
cpu_core.c:638:18:CPU_TS_TmrFreqGet	0	static
cpu_core.c:689:7:CPU_TS_TmrFreqSet	0	static
cpu_core.c:761:13:CPU_IntDisMeasMaxCurGet	8	static
cpu_core.c:720:13:CPU_IntDisMeasMaxCurReset	8	static
cpu_core.c:803:13:CPU_IntDisMeasMaxGet	8	static
cpu_core.c:840:7:CPU_IntDisMeasStart	8	static
cpu_core.c:1024:7:CPU_IntDisMeasStop	8	static
cpu_core.c:278:7:CPU_NameClr	8	static
cpu_core.c:206:7:CPU_Init	24	static
cpu_core.c:322:7:CPU_NameGet	16	static
cpu_core.c:375:7:CPU_NameSet	16	static
cpu_core.c:1208:11:CPU_CntLeadZeros08	8	static
cpu_core.c:1275:11:CPU_CntLeadZeros16	8	static
cpu_core.c:1348:11:CPU_CntLeadZeros32	8	static
cpu_core.c:1435:11:CPU_CntLeadZeros64	0	static
cpu_core.c:1714:11:CPU_CntTrailZeros08	8	static
cpu_core.c:1818:11:CPU_CntTrailZeros16	8	static
cpu_core.c:1922:11:CPU_CntTrailZeros32	8	static
cpu_core.c:2026:11:CPU_CntTrailZeros64	8	static
cpu_core.c:2075:13:CPU_PopCnt32	0	static
